[Thu Jul 14 10:49:05.690224 2016] [autoindex:error] [pid 6872] [client 221.213.73.230:2543] AH01276: Cannot serve directory /var/www/html/: No matching DirectoryIndex (index.html,index.jsp,index.htm,index.php) found, and server-generated directory index forbidden by Options directive
[Thu Jul 14 10:50:32.715650 2016] [autoindex:error] [pid 6892] [client 221.213.73.230:2551] AH01276: Cannot serve directory /var/www/html/: No matching DirectoryIndex (index.html,index.jsp,index.htm,index.php) found, and server-generated directory index forbidden by Options directive
[Thu Jul 14 10:56:42.759778 2016] [autoindex:error] [pid 6873] [client 221.213.73.230:2557] AH01276: Cannot serve directory /var/www/html/: No matching DirectoryIndex (index.html,index.jsp,index.htm,index.php) found, and server-generated directory index forbidden by Options directive
[Thu Jul 14 10:58:28.571867 2016] [autoindex:error] [pid 6887] [client 107.151.226.203:3604] AH01276: Cannot serve directory /var/www/html/: No matching DirectoryIndex (index.html,index.jsp,index.htm,index.php) found, and server-generated directory index forbidden by Options directive
[Thu Jul 14 11:11:21.519157 2016] [:error] [pid 6873] [client 23.251.63.45:3186] script '/var/www/html/av.php' not found or unable to stat
[Thu Jul 14 11:39:56.300056 2016] [autoindex:error] [pid 6890] [client 169.54.244.84:27353] AH01276: Cannot serve directory /var/www/html/: No matching DirectoryIndex (index.html,index.jsp,index.htm,index.php) found, and server-generated directory index forbidden by Options directive
[Thu Jul 14 12:00:57.715880 2016] [autoindex:error] [pid 6870] [client 61.160.195.222:41162] AH01276: Cannot serve directory /var/www/html/: No matching DirectoryIndex (index.html,index.jsp,index.htm,index.php) found, and server-generated directory index forbidden by Options directive
[Thu Jul 14 12:09:35.207667 2016] [:error] [pid 6887] [client 23.251.63.45:2015] script '/var/www/html/azenv.php' not found or unable to stat
[Thu Jul 14 13:07:41.932897 2016] [:error] [pid 7202] [client 107.151.226.203:1873] script '/var/www/html/azenv.php' not found or unable to stat
[Thu Jul 14 13:11:42.679694 2016] [:error] [pid 7442] [client 23.251.63.45:1786] script '/var/www/html/azenv.php' not found or unable to stat
[Thu Jul 14 13:35:50.649257 2016] [:error] [pid 7441] [client 107.151.226.203:1102] script '/var/www/html/azenv.php' not found or unable to stat
[Thu Jul 14 14:15:06.067716 2016] [:error] [pid 6870] [client 23.251.63.45:4342] script '/var/www/html/azenv.php' not found or unable to stat
[Thu Jul 14 14:30:36.833905 2016] [:error] [pid 7440] [client 107.151.226.203:4241] script '/var/www/html/azenv.php' not found or unable to stat
[Thu Jul 14 16:15:44.858902 2016] [:error] [pid 1065] [client 23.251.63.45:2229] script '/var/www/html/azenv.php' not found or unable to stat
[Thu Jul 14 18:18:39.704288 2016] [:error] [pid 1067] [client 23.251.63.45:3131] script '/var/www/html/av.php' not found or unable to stat
[Thu Jul 14 19:54:29.725412 2016] [:error] [pid 1067] [client 23.251.63.45:4564] script '/var/www/html/azenv.php' not found or unable to stat
[Thu Jul 14 20:55:06.637427 2016] [core:error] [pid 1276] [client 169.229.3.91:54876] AH00126: Invalid URI in request \xa3\v\v\x1a\\\xf4\xf4\xe5\x17\x164F\x03o\xb1\xd8f\xb6\xf0\xea\x80\xff\x01\x07"}\xc97\xf5J\xc1\xbf\x06\x8e\x83\b\x05\xa5o
[Thu Jul 14 21:20:36.800194 2016] [:error] [pid 1065] [client 107.151.226.203:1141] script '/var/www/html/azenv.php' not found or unable to stat
[Thu Jul 14 23:32:54.256715 2016] [:error] [pid 1276] [client 23.251.63.45:4093] script '/var/www/html/azenv.php' not found or unable to stat
[Fri Jul 15 00:08:08.612704 2016] [:error] [pid 1066] [client 107.151.226.203:1245] script '/var/www/html/azenv.php' not found or unable to stat
[Fri Jul 15 01:32:43.656604 2016] [:error] [pid 1736] [client 23.251.63.45:1220] script '/var/www/html/av.php' not found or unable to stat
[Fri Jul 15 02:46:50.658741 2016] [:error] [pid 1064] [client 107.151.226.203:3743] script '/var/www/html/azenv.php' not found or unable to stat
[Fri Jul 15 04:20:12.532052 2016] [:error] [pid 1273] [client 23.251.63.45:3582] script '/var/www/html/av.php' not found or unable to stat
[Fri Jul 15 04:31:18.471183 2016] [:error] [pid 1068] [client 107.151.226.203:1671] script '/var/www/html/azenv.php' not found or unable to stat
[Fri Jul 15 05:10:11.777774 2016] [:error] [pid 1066] [client 23.251.63.45:3342] script '/var/www/html/azenv.php' not found or unable to stat
[Fri Jul 15 05:10:24.854220 2016] [:error] [pid 1065] [client 23.251.63.45:4340] script '/var/www/html/azenv.php' not found or unable to stat
[Fri Jul 15 05:53:05.648696 2016] [:error] [pid 1064] [client 107.151.226.203:1089] script '/var/www/html/azenv.php' not found or unable to stat
[Fri Jul 15 05:59:49.249266 2016] [:error] [pid 1736] [client 23.251.63.45:4557] script '/var/www/html/azenv.php' not found or unable to stat
[Fri Jul 15 06:53:30.778331 2016] [:error] [pid 1065] [client 23.251.63.45:2532] script '/var/www/html/azenv.php' not found or unable to stat
[Fri Jul 15 07:44:58.252513 2016] [:error] [pid 1736] [client 23.251.63.45:2581] script '/var/www/html/azenv.php' not found or unable to stat
[Fri Jul 15 07:48:46.207288 2016] [:error] [pid 1066] [client 107.151.226.203:2130] script '/var/www/html/azenv.php' not found or unable to stat
[Fri Jul 15 08:37:29.400398 2016] [:error] [pid 1736] [client 107.151.226.203:1398] script '/var/www/html/azenv.php' not found or unable to stat
[Fri Jul 15 09:33:07.770315 2016] [:error] [pid 1064] [client 107.151.226.203:1538] script '/var/www/html/azenv.php' not found or unable to stat
[Fri Jul 15 11:15:31.090332 2016] [:error] [pid 1736] [client 23.251.63.45:3210] script '/var/www/html/av.php' not found or unable to stat
[Fri Jul 15 11:15:42.243536 2016] [:error] [pid 1067] [client 23.251.63.45:4606] script '/var/www/html/azenv.php' not found or unable to stat
[Fri Jul 15 11:46:39.803147 2016] [:error] [pid 1065] [client 107.151.226.203:3461] script '/var/www/html/azenv.php' not found or unable to stat
[Fri Jul 15 12:04:05.775464 2016] [:error] [pid 1273] [client 23.251.63.45:1952] script '/var/www/html/azenv.php' not found or unable to stat
[Fri Jul 15 12:22:47.485780 2016] [:error] [pid 1066] [client 107.151.226.203:2793] script '/var/www/html/azenv.php' not found or unable to stat
[Fri Jul 15 13:48:48.630822 2016] [:error] [pid 1273] [client 23.251.63.45:2535] script '/var/www/html/azenv.php' not found or unable to stat
[Fri Jul 15 14:11:31.117108 2016] [:error] [pid 1736] [client 107.151.226.203:3741] script '/var/www/html/av.php' not found or unable to stat
[Fri Jul 15 14:50:43.306062 2016] [:error] [pid 1276] [client 23.251.63.45:2185] script '/var/www/html/av.php' not found or unable to stat
[Fri Jul 15 15:26:25.864999 2016] [:error] [pid 1273] [client 107.151.226.203:1158] script '/var/www/html/azenv.php' not found or unable to stat
[Fri Jul 15 15:48:49.199500 2016] [:error] [pid 1736] [client 23.251.63.45:2894] script '/var/www/html/av.php' not found or unable to stat
[Fri Jul 15 16:13:03.015806 2016] [:error] [pid 1067] [client 107.151.226.203:4988] script '/var/www/html/azenv.php' not found or unable to stat
[Fri Jul 15 16:50:57.582210 2016] [:error] [pid 1065] [client 23.251.63.45:1206] script '/var/www/html/azenv.php' not found or unable to stat
[Fri Jul 15 17:10:08.541559 2016] [:error] [pid 1273] [client 107.151.226.203:3960] script '/var/www/html/azenv.php' not found or unable to stat
[Fri Jul 15 17:50:05.224708 2016] [:error] [pid 1066] [client 23.251.63.45:4202] script '/var/www/html/av.php' not found or unable to stat
[Fri Jul 15 18:50:09.846330 2016] [:error] [pid 1065] [client 107.151.226.203:3992] script '/var/www/html/azenv.php' not found or unable to stat
[Fri Jul 15 18:50:50.038996 2016] [:error] [pid 1273] [client 23.251.63.45:2762] script '/var/www/html/azenv.php' not found or unable to stat
[Fri Jul 15 20:20:15.205995 2016] [:error] [pid 1065] [client 107.151.226.203:1870] script '/var/www/html/azenv.php' not found or unable to stat
[Fri Jul 15 20:50:19.920522 2016] [:error] [pid 1068] [client 23.251.63.45:1051] script '/var/www/html/azenv.php' not found or unable to stat
[Fri Jul 15 21:50:21.775121 2016] [:error] [pid 1066] [client 23.251.63.45:2625] script '/var/www/html/azenv.php' not found or unable to stat
[Fri Jul 15 22:44:36.293235 2016] [:error] [pid 1276] [client 107.151.226.203:1804] script '/var/www/html/azenv.php' not found or unable to stat
[Fri Jul 15 22:53:54.312620 2016] [:error] [pid 1064] [client 23.251.63.45:3046] script '/var/www/html/azenv.php' not found or unable to stat
[Sat Jul 16 00:07:19.976442 2016] [:error] [pid 1068] [client 23.251.63.45:4441] script '/var/www/html/azenv.php' not found or unable to stat
[Sat Jul 16 00:54:50.538879 2016] [:error] [pid 1066] [client 107.151.226.203:1309] script '/var/www/html/azenv.php' not found or unable to stat
[Sat Jul 16 01:16:29.343532 2016] [:error] [pid 1276] [client 107.151.226.203:1756] script '/var/www/html/azenv.php' not found or unable to stat
[Sat Jul 16 01:50:23.821863 2016] [:error] [pid 1273] [client 23.251.63.45:3654] script '/var/www/html/av.php' not found or unable to stat
[Sat Jul 16 03:10:52.691285 2016] [:error] [pid 1066] [client 107.151.226.203:4609] script '/var/www/html/azenv.php' not found or unable to stat
[Sat Jul 16 03:19:28.298469 2016] [:error] [pid 1065] [client 23.251.63.45:2986] script '/var/www/html/azenv.php' not found or unable to stat
[Sat Jul 16 04:26:30.569749 2016] [:error] [pid 1273] [client 23.251.63.45:1945] script '/var/www/html/azenv.php' not found or unable to stat
[Sat Jul 16 05:33:08.390982 2016] [:error] [pid 1067] [client 23.251.63.45:2071] script '/var/www/html/azenv.php' not found or unable to stat
[Sat Jul 16 06:35:33.733328 2016] [:error] [pid 4596] [client 23.251.63.45:1283] script '/var/www/html/azenv.php' not found or unable to stat
[Sat Jul 16 06:37:59.829067 2016] [:error] [pid 1736] [client 107.151.226.203:4311] script '/var/www/html/azenv.php' not found or unable to stat
[Sat Jul 16 08:27:25.698818 2016] [:error] [pid 4597] [client 23.251.63.45:1879] script '/var/www/html/azenv.php' not found or unable to stat
[Sat Jul 16 09:27:17.598415 2016] [:error] [pid 1736] [client 23.251.63.45:1076] script '/var/www/html/av.php' not found or unable to stat
[Sat Jul 16 11:03:09.467731 2016] [:error] [pid 1273] [client 107.151.226.203:4321] script '/var/www/html/azenv.php' not found or unable to stat
[Sat Jul 16 11:30:13.090837 2016] [:error] [pid 1066] [client 107.151.226.203:3603] script '/var/www/html/azenv.php' not found or unable to stat
[Sat Jul 16 11:33:32.875993 2016] [:error] [pid 4595] [client 23.251.63.45:3215] script '/var/www/html/azenv.php' not found or unable to stat
[Sat Jul 16 12:23:27.087378 2016] [:error] [pid 4596] [client 23.251.63.45:1339] script '/var/www/html/azenv.php' not found or unable to stat
[Sat Jul 16 13:06:15.673798 2016] [:error] [pid 1736] [client 107.151.226.203:4749] script '/var/www/html/azenv.php' not found or unable to stat
[Sat Jul 16 14:22:25.778300 2016] [:error] [pid 1736] [client 23.251.63.45:2290] script '/var/www/html/azenv.php' not found or unable to stat
[Sat Jul 16 15:28:29.525561 2016] [:error] [pid 1273] [client 23.251.63.45:4039] script '/var/www/html/azenv.php' not found or unable to stat
[Sat Jul 16 15:39:03.212371 2016] [:error] [pid 1066] [client 107.151.226.203:3745] script '/var/www/html/azenv.php' not found or unable to stat
[Sat Jul 16 16:03:47.386432 2016] [:error] [pid 1065] [client 107.151.226.203:2830] script '/var/www/html/av.php' not found or unable to stat
[Sat Jul 16 16:22:40.754068 2016] [:error] [pid 4597] [client 23.251.63.45:4402] script '/var/www/html/azenv.php' not found or unable to stat
[Sat Jul 16 17:20:01.946368 2016] [:error] [pid 1273] [client 23.251.63.45:1630] script '/var/www/html/azenv.php' not found or unable to stat
[Sat Jul 16 18:44:13.601344 2016] [:error] [pid 4595] [client 107.151.226.203:4105] script '/var/www/html/av.php' not found or unable to stat
[Sat Jul 16 18:52:07.605079 2016] [:error] [pid 4596] [client 23.251.63.45:3390] script '/var/www/html/azenv.php' not found or unable to stat
[Sat Jul 16 19:46:48.737531 2016] [:error] [pid 1736] [client 23.251.63.45:3477] script '/var/www/html/azenv.php' not found or unable to stat
[Sat Jul 16 19:51:53.179750 2016] [:error] [pid 1273] [client 107.151.226.203:1745] script '/var/www/html/azenv.php' not found or unable to stat
[Sat Jul 16 20:33:18.024187 2016] [:error] [pid 4596] [client 107.151.226.203:1623] script '/var/www/html/azenv.php' not found or unable to stat
[Sat Jul 16 21:01:07.843844 2016] [:error] [pid 1066] [client 23.251.63.45:1928] script '/var/www/html/azenv.php' not found or unable to stat
[Sat Jul 16 21:45:47.743563 2016] [core:error] [pid 4595] [client 169.229.3.91:43039] AH00135: Invalid method in request \x82m&T}\x92\xd9\xab\xdbL\xa8\x04\x0f8
[Sat Jul 16 23:18:13.416659 2016] [:error] [pid 1065] [client 23.251.63.45:1160] script '/var/www/html/azenv.php' not found or unable to stat
[Sat Jul 16 23:20:12.147458 2016] [:error] [pid 4597] [client 107.151.226.203:3391] script '/var/www/html/azenv.php' not found or unable to stat
[Sat Jul 16 23:53:49.487714 2016] [:error] [pid 1064] [client 107.151.226.203:4982] script '/var/www/html/azenv.php' not found or unable to stat
[Sun Jul 17 00:44:34.837900 2016] [:error] [pid 1065] [client 107.151.226.203:4262] script '/var/www/html/azenv.php' not found or unable to stat
[Sun Jul 17 01:06:31.028718 2016] [:error] [pid 4596] [client 23.251.63.45:4840] script '/var/www/html/azenv.php' not found or unable to stat
[Sun Jul 17 01:20:22.698044 2016] [:error] [pid 1736] [client 107.151.226.203:2435] script '/var/www/html/av.php' not found or unable to stat
[Sun Jul 17 01:44:36.958381 2016] [:error] [pid 1068] [client 107.151.226.203:1794] script '/var/www/html/av.php' not found or unable to stat
[Sun Jul 17 02:38:06.338113 2016] [:error] [pid 4597] [client 107.151.226.203:3742] script '/var/www/html/azenv.php' not found or unable to stat
[Sun Jul 17 05:50:55.707486 2016] [:error] [pid 6949] [client 23.251.63.45:3019] script '/var/www/html/azenv.php' not found or unable to stat
[Sun Jul 17 06:19:58.385760 2016] [:error] [pid 6759] [client 23.251.63.45:2653] script '/var/www/html/azenv.php' not found or unable to stat
[Sun Jul 17 07:56:05.717811 2016] [:error] [pid 6951] [client 23.251.63.45:1346] script '/var/www/html/azenv.php' not found or unable to stat
[Sun Jul 17 11:59:52.967800 2016] [:error] [pid 6759] [client 107.151.226.203:1928] script '/var/www/html/azenv.php' not found or unable to stat
[Sun Jul 17 14:42:58.396449 2016] [:error] [pid 6782] [client 107.151.226.203:3941] script '/var/www/html/azenv.php' not found or unable to stat
[Sun Jul 17 15:24:26.176715 2016] [:error] [pid 6950] [client 23.251.63.45:2248] script '/var/www/html/azenv.php' not found or unable to stat
[Sun Jul 17 16:13:34.522779 2016] [:error] [pid 6761] [client 23.251.63.45:2291] script '/var/www/html/azenv.php' not found or unable to stat
[Sun Jul 17 16:18:09.067748 2016] [:error] [pid 6759] [client 107.151.226.203:1822] script '/var/www/html/av.php' not found or unable to stat
[Sun Jul 17 17:04:11.475191 2016] [:error] [pid 6759] [client 107.151.226.203:4053] script '/var/www/html/azenv.php' not found or unable to stat
[Sun Jul 17 21:31:30.909246 2016] [:error] [pid 6951] [client 107.151.226.203:2430] script '/var/www/html/av.php' not found or unable to stat
[Sun Jul 17 23:01:00.736644 2016] [:error] [pid 6952] [client 23.251.63.45:1904] script '/var/www/html/azenv.php' not found or unable to stat
[Sun Jul 17 23:48:46.225042 2016] [:error] [pid 6759] [client 23.251.63.45:2477] script '/var/www/html/azenv.php' not found or unable to stat
[Mon Jul 18 00:14:16.742857 2016] [:error] [pid 6762] [client 107.151.226.203:1458] script '/var/www/html/azenv.php' not found or unable to stat
[Mon Jul 18 01:02:21.619786 2016] [:error] [pid 6951] [client 107.151.226.203:2489] script '/var/www/html/azenv.php' not found or unable to stat
[Mon Jul 18 03:10:51.134433 2016] [:error] [pid 6759] [client 23.251.63.45:3519] script '/var/www/html/azenv.php' not found or unable to stat
[Mon Jul 18 03:16:48.151554 2016] [:error] [pid 6782] [client 107.151.226.203:3758] script '/var/www/html/av.php' not found or unable to stat
[Mon Jul 18 04:46:03.112918 2016] [:error] [pid 6949] [client 23.251.63.45:1518] script '/var/www/html/azenv.php' not found or unable to stat
[Mon Jul 18 09:11:00.686388 2016] [:error] [pid 9558] [client 104.128.144.131:58056] script '/var/www/html/redirect.php' not found or unable to stat
[Mon Jul 18 10:01:17.528731 2016] [:error] [pid 6950] [client 107.151.226.203:1491] script '/var/www/html/azenv.php' not found or unable to stat
[Mon Jul 18 10:10:57.688629 2016] [:error] [pid 6760] [client 23.251.63.45:3414] script '/var/www/html/azenv.php' not found or unable to stat
[Mon Jul 18 10:38:51.556907 2016] [:error] [pid 9558] [client 107.151.226.203:1790] script '/var/www/html/azenv.php' not found or unable to stat
[Mon Jul 18 11:05:29.918202 2016] [:error] [pid 6782] [client 23.251.63.45:3850] script '/var/www/html/azenv.php' not found or unable to stat
[Mon Jul 18 13:19:55.106081 2016] [:error] [pid 9558] [client 107.151.226.203:1120] script '/var/www/html/azenv.php' not found or unable to stat
[Mon Jul 18 14:27:02.104316 2016] [:error] [pid 10049] [client 23.251.63.45:4662] script '/var/www/html/azenv.php' not found or unable to stat
[Mon Jul 18 17:21:53.806958 2016] [:error] [pid 6782] [client 107.151.226.203:2613] script '/var/www/html/azenv.php' not found or unable to stat
[Mon Jul 18 18:08:42.369460 2016] [:error] [pid 6952] [client 107.151.226.203:1960] script '/var/www/html/azenv.php' not found or unable to stat
[Mon Jul 18 18:27:33.110068 2016] [:error] [pid 6950] [client 23.251.63.45:1036] script '/var/www/html/azenv.php' not found or unable to stat
[Mon Jul 18 19:19:00.876418 2016] [:error] [pid 9558] [client 23.251.63.45:3027] script '/var/www/html/azenv.php' not found or unable to stat
[Mon Jul 18 21:52:50.491822 2016] [:error] [pid 6782] [client 107.151.226.203:4431] script '/var/www/html/azenv.php' not found or unable to stat
[Mon Jul 18 22:04:51.229974 2016] [:error] [pid 6949] [client 23.251.63.45:3260] script '/var/www/html/azenv.php' not found or unable to stat
[Mon Jul 18 23:13:07.193978 2016] [:error] [pid 10049] [client 107.151.226.203:1276] script '/var/www/html/azenv.php' not found or unable to stat
[Mon Jul 18 23:46:12.591907 2016] [:error] [pid 6763] [client 23.251.63.45:4298] script '/var/www/html/azenv.php' not found or unable to stat
[Tue Jul 19 00:31:28.874791 2016] [:error] [pid 6759] [client 23.251.63.45:2010] script '/var/www/html/azenv.php' not found or unable to stat
[Tue Jul 19 01:12:24.602145 2016] [:error] [pid 10049] [client 23.251.63.45:1119] script '/var/www/html/azenv.php' not found or unable to stat
[Tue Jul 19 01:26:38.232781 2016] [:error] [pid 6763] [client 107.151.226.203:4448] script '/var/www/html/azenv.php' not found or unable to stat
[Tue Jul 19 01:46:58.989847 2016] [:error] [pid 6950] [client 107.151.226.203:4072] script '/var/www/html/azenv.php' not found or unable to stat
[Tue Jul 19 04:24:37.491610 2016] [:error] [pid 6763] [client 107.151.226.203:2153] script '/var/www/html/av.php' not found or unable to stat
[Tue Jul 19 05:15:42.253612 2016] [:error] [pid 10049] [client 23.251.63.45:2275] script '/var/www/html/azenv.php' not found or unable to stat
[Tue Jul 19 06:08:01.196141 2016] [:error] [pid 6950] [client 23.251.63.45:4477] script '/var/www/html/azenv.php' not found or unable to stat
[Tue Jul 19 07:25:52.661953 2016] [:error] [pid 9558] [client 107.151.226.203:3486] script '/var/www/html/azenv.php' not found or unable to stat
[Tue Jul 19 08:08:32.235057 2016] [:error] [pid 9558] [client 23.251.63.45:4545] script '/var/www/html/azenv.php' not found or unable to stat
[Tue Jul 19 08:38:26.704295 2016] [:error] [pid 6950] [client 191.96.249.42:50458] script '/var/www/html/xmlrpc.php' not found or unable to stat
[Tue Jul 19 09:45:58.356383 2016] [:error] [pid 6950] [client 23.251.63.45:2203] script '/var/www/html/azenv.php' not found or unable to stat
[Tue Jul 19 10:24:18.535367 2016] [:error] [pid 12274] [client 107.151.226.203:4801] script '/var/www/html/av.php' not found or unable to stat
[Tue Jul 19 10:40:54.162177 2016] [:error] [pid 6782] [client 23.251.63.45:4651] script '/var/www/html/azenv.php' not found or unable to stat
[Tue Jul 19 12:22:28.846481 2016] [:error] [pid 1059] [client 107.151.226.203:4002] script '/var/www/html/azenv.php' not found or unable to stat
[Tue Jul 19 12:40:33.280806 2016] [:error] [pid 1056] [client 23.251.63.45:2146] script '/var/www/html/azenv.php' not found or unable to stat
[Tue Jul 19 12:43:49.850265 2016] [:error] [pid 1338] [client 107.151.226.203:1033] script '/var/www/html/azenv.php' not found or unable to stat
[Tue Jul 19 13:42:37.789561 2016] [:error] [pid 1058] [client 23.251.63.45:3411] script '/var/www/html/azenv.php' not found or unable to stat
[Tue Jul 19 14:21:24.613153 2016] [:error] [pid 1346] [client 23.251.63.45:1383] script '/var/www/html/azenv.php' not found or unable to stat
[Tue Jul 19 17:58:16.324626 2016] [:error] [pid 1058] [client 23.251.63.45:4550] script '/var/www/html/azenv.php' not found or unable to stat
[Tue Jul 19 18:31:01.300364 2016] [:error] [pid 1055] [client 42.159.226.217:1176] script '/var/www/html/index.php' not found or unable to stat
[Tue Jul 19 18:31:17.293848 2016] [:error] [pid 1057] [client 107.151.226.203:3649] script '/var/www/html/azenv.php' not found or unable to stat
[Tue Jul 19 18:37:39.245775 2016] [:error] [pid 1056] [client 42.159.145.186:1104] script '/var/www/html/index.php' not found or unable to stat
[Tue Jul 19 18:52:25.444636 2016] [:error] [pid 1058] [client 23.251.63.45:1059] script '/var/www/html/av.php' not found or unable to stat
[Tue Jul 19 19:50:07.027881 2016] [:error] [pid 1056] [client 107.151.226.203:3454] script '/var/www/html/azenv.php' not found or unable to stat
[Tue Jul 19 19:52:37.717689 2016] [:error] [pid 1059] [client 23.251.63.45:2502] script '/var/www/html/av.php' not found or unable to stat
[Tue Jul 19 20:39:51.934605 2016] [:error] [pid 1059] [client 107.151.226.203:2738] script '/var/www/html/azenv.php' not found or unable to stat
[Tue Jul 19 21:47:36.031489 2016] [:error] [pid 1055] [client 23.251.63.45:3390] script '/var/www/html/azenv.php' not found or unable to stat
[Tue Jul 19 22:01:49.543120 2016] [:error] [pid 1058] [client 107.151.226.203:1774] script '/var/www/html/azenv.php' not found or unable to stat
[Tue Jul 19 22:47:04.503964 2016] [:error] [pid 1056] [client 23.251.63.45:2096] script '/var/www/html/azenv.php' not found or unable to stat
[Tue Jul 19 23:48:14.387953 2016] [:error] [pid 1056] [client 23.251.63.45:3811] script '/var/www/html/av.php' not found or unable to stat
[Wed Jul 20 00:43:53.105204 2016] [:error] [pid 1057] [client 23.251.63.45:1962] script '/var/www/html/azenv.php' not found or unable to stat
[Wed Jul 20 01:05:46.419511 2016] [:error] [pid 1058] [client 107.151.226.203:1516] script '/var/www/html/azenv.php' not found or unable to stat
[Wed Jul 20 01:40:35.605080 2016] [:error] [pid 1055] [client 23.251.63.45:1398] script '/var/www/html/azenv.php' not found or unable to stat
[Wed Jul 20 01:56:57.897514 2016] [:error] [pid 1056] [client 107.151.226.203:2347] script '/var/www/html/azenv.php' not found or unable to stat
[Wed Jul 20 03:16:29.716591 2016] [:error] [pid 1338] [client 107.151.226.203:4248] script '/var/www/html/azenv.php' not found or unable to stat
[Wed Jul 20 03:42:50.881939 2016] [:error] [pid 1058] [client 23.251.63.45:2491] script '/var/www/html/azenv.php' not found or unable to stat
[Wed Jul 20 03:45:31.773697 2016] [:error] [pid 1338] [client 107.151.226.203:1032] script '/var/www/html/azenv.php' not found or unable to stat
[Wed Jul 20 04:31:32.820783 2016] [:error] [pid 1055] [client 23.251.63.45:1959] script '/var/www/html/azenv.php' not found or unable to stat
[Wed Jul 20 06:06:08.744383 2016] [:error] [pid 2599] [client 23.251.63.45:4637] script '/var/www/html/azenv.php' not found or unable to stat
[Wed Jul 20 07:01:28.569623 2016] [:error] [pid 1346] [client 23.251.63.45:3753] script '/var/www/html/azenv.php' not found or unable to stat
[Wed Jul 20 07:54:32.466884 2016] [:error] [pid 2599] [client 107.151.226.203:3571] script '/var/www/html/azenv.php' not found or unable to stat
[Wed Jul 20 08:06:15.284789 2016] [:error] [pid 2600] [client 23.251.63.45:3579] script '/var/www/html/av.php' not found or unable to stat
[Wed Jul 20 10:05:37.727403 2016] [:error] [pid 1055] [client 23.251.63.45:2774] script '/var/www/html/av.php' not found or unable to stat
[Wed Jul 20 10:41:41.990807 2016] [:error] [pid 2599] [client 23.251.63.45:3125] script '/var/www/html/azenv.php' not found or unable to stat
[Wed Jul 20 11:30:16.250510 2016] [:error] [pid 1055] [client 23.251.63.45:3268] script '/var/www/html/azenv.php' not found or unable to stat
[Wed Jul 20 12:20:43.821529 2016] [:error] [pid 1055] [client 107.151.226.203:3535] script '/var/www/html/av.php' not found or unable to stat
[Wed Jul 20 12:53:27.532983 2016] [:error] [pid 1057] [client 23.251.63.45:2620] script '/var/www/html/azenv.php' not found or unable to stat
[Wed Jul 20 13:42:42.936345 2016] [:error] [pid 1338] [client 107.151.226.203:2809] script '/var/www/html/av.php' not found or unable to stat
[Wed Jul 20 14:34:29.338441 2016] [:error] [pid 2600] [client 23.251.63.45:4982] script '/var/www/html/av.php' not found or unable to stat
[Wed Jul 20 15:01:22.369581 2016] [:error] [pid 1057] [client 107.151.226.203:1373] script '/var/www/html/av.php' not found or unable to stat
[Wed Jul 20 15:25:18.515782 2016] [:error] [pid 2600] [client 107.151.226.203:4511] script '/var/www/html/azenv.php' not found or unable to stat
[Wed Jul 20 15:35:05.131559 2016] [:error] [pid 1338] [client 23.251.63.45:2505] script '/var/www/html/azenv.php' not found or unable to stat
[Wed Jul 20 16:17:47.424541 2016] [:error] [pid 2599] [client 107.151.226.203:1959] script '/var/www/html/azenv.php' not found or unable to stat
[Wed Jul 20 16:38:07.319360 2016] [:error] [pid 1055] [client 23.251.63.45:3206] script '/var/www/html/azenv.php' not found or unable to stat
[Wed Jul 20 18:24:00.604784 2016] [:error] [pid 1338] [client 23.251.63.45:2459] script '/var/www/html/azenv.php' not found or unable to stat
[Wed Jul 20 20:01:53.289689 2016] [:error] [pid 1055] [client 107.151.226.203:2504] script '/var/www/html/azenv.php' not found or unable to stat
[Wed Jul 20 20:04:53.017169 2016] [:error] [pid 1338] [client 23.251.63.45:4422] script '/var/www/html/azenv.php' not found or unable to stat
[Wed Jul 20 20:55:54.507676 2016] [:error] [pid 2600] [client 23.251.63.45:2997] script '/var/www/html/azenv.php' not found or unable to stat
[Wed Jul 20 21:39:59.445055 2016] [:error] [pid 1055] [client 107.151.226.203:3200] script '/var/www/html/azenv.php' not found or unable to stat
[Wed Jul 20 21:44:00.386682 2016] [:error] [pid 1338] [client 23.251.63.45:1353] script '/var/www/html/azenv.php' not found or unable to stat
[Wed Jul 20 22:04:19.279189 2016] [:error] [pid 1346] [client 107.151.226.203:1686] script '/var/www/html/azenv.php' not found or unable to stat
[Wed Jul 20 22:32:45.213523 2016] [:error] [pid 2599] [client 23.251.63.45:4281] script '/var/www/html/azenv.php' not found or unable to stat
[Wed Jul 20 22:56:50.828785 2016] [:error] [pid 2600] [client 23.251.63.45:2930] script '/var/www/html/azenv.php' not found or unable to stat
[Wed Jul 20 23:14:51.429629 2016] [:error] [pid 1055] [client 23.251.63.45:4248] script '/var/www/html/azenv.php' not found or unable to stat
[Wed Jul 20 23:43:07.435365 2016] [:error] [pid 1059] [client 23.251.63.45:3734] script '/var/www/html/av.php' not found or unable to stat
[Thu Jul 21 00:06:28.377078 2016] [:error] [pid 1057] [client 107.151.226.203:1965] script '/var/www/html/azenv.php' not found or unable to stat
[Thu Jul 21 00:17:54.620766 2016] [:error] [pid 2601] [client 23.251.63.45:3176] script '/var/www/html/av.php' not found or unable to stat
[Thu Jul 21 01:44:50.097268 2016] [:error] [pid 1055] [client 23.251.63.45:2343] script '/var/www/html/azenv.php' not found or unable to stat
[Thu Jul 21 02:45:34.519622 2016] [:error] [pid 1057] [client 23.251.63.45:1379] script '/var/www/html/azenv.php' not found or unable to stat
[Thu Jul 21 03:07:00.828306 2016] [:error] [pid 2601] [client 23.251.63.45:4606] script '/var/www/html/azenv.php' not found or unable to stat
[Thu Jul 21 03:33:37.280812 2016] [:error] [pid 1058] [client 107.151.226.203:4350] script '/var/www/html/azenv.php' not found or unable to stat
[Thu Jul 21 03:49:31.538010 2016] [:error] [pid 1055] [client 42.159.226.217:1176] script '/var/www/html/index.php' not found or unable to stat
[Thu Jul 21 03:56:16.554935 2016] [:error] [pid 1346] [client 107.151.226.203:3262] script '/var/www/html/azenv.php' not found or unable to stat
[Thu Jul 21 04:59:17.939581 2016] [:error] [pid 2601] [client 23.251.63.45:1530] script '/var/www/html/azenv.php' not found or unable to stat
[Thu Jul 21 05:52:41.900737 2016] [:error] [pid 1338] [client 107.151.226.203:3254] script '/var/www/html/azenv.php' not found or unable to stat
[Thu Jul 21 05:55:56.264530 2016] [:error] [pid 1346] [client 23.251.63.45:3831] script '/var/www/html/azenv.php' not found or unable to stat
[Thu Jul 21 08:24:19.358956 2016] [:error] [pid 1055] [client 23.251.63.45:2992] script '/var/www/html/azenv.php' not found or unable to stat
[Thu Jul 21 09:19:00.724297 2016] [:error] [pid 1056] [client 23.251.63.45:1057] script '/var/www/html/azenv.php' not found or unable to stat
[Thu Jul 21 09:42:35.369968 2016] [:error] [pid 1059] [client 23.251.63.45:3045] script '/var/www/html/azenv.php' not found or unable to stat
[Thu Jul 21 10:29:06.737180 2016] [:error] [pid 1057] [client 23.251.63.45:2912] script '/var/www/html/azenv.php' not found or unable to stat
[Thu Jul 21 10:56:53.364236 2016] [:error] [pid 2601] [client 120.26.55.211:64444] script '/var/www/html/configurationbak.php' not found or unable to stat
[Thu Jul 21 11:59:01.856898 2016] [:error] [pid 1346] [client 23.251.63.45:1736] script '/var/www/html/azenv.php' not found or unable to stat
[Thu Jul 21 13:10:30.880206 2016] [:error] [pid 1059] [client 107.151.226.203:1268] script '/var/www/html/av.php' not found or unable to stat
[Thu Jul 21 14:36:05.418589 2016] [:error] [pid 1338] [client 23.251.63.45:4619] script '/var/www/html/azenv.php' not found or unable to stat
[Thu Jul 21 15:43:44.837564 2016] [:error] [pid 2600] [client 107.151.226.203:3794] script '/var/www/html/azenv.php' not found or unable to stat
[Thu Jul 21 16:11:31.243446 2016] [:error] [pid 1338] [client 23.251.63.45:3073] script '/var/www/html/azenv.php' not found or unable to stat
[Thu Jul 21 16:30:50.998770 2016] [:error] [pid 1346] [client 23.251.63.45:4410] script '/var/www/html/azenv.php' not found or unable to stat
[Thu Jul 21 18:01:17.560012 2016] [:error] [pid 2601] [client 23.251.63.45:1741] script '/var/www/html/azenv.php' not found or unable to stat
[Thu Jul 21 19:01:00.599678 2016] [:error] [pid 1055] [client 107.151.226.203:2597] script '/var/www/html/azenv.php' not found or unable to stat
[Thu Jul 21 22:00:53.835395 2016] [:error] [pid 1055] [client 107.151.226.203:3205] script '/var/www/html/azenv.php' not found or unable to stat
[Thu Jul 21 22:02:03.320231 2016] [:error] [pid 1059] [client 23.251.63.45:3968] script '/var/www/html/azenv.php' not found or unable to stat
[Thu Jul 21 22:50:11.523528 2016] [:error] [pid 1338] [client 107.151.226.203:4535] script '/var/www/html/azenv.php' not found or unable to stat
[Thu Jul 21 23:21:44.725992 2016] [:error] [pid 1346] [client 23.251.63.45:2474] script '/var/www/html/av.php' not found or unable to stat
[Fri Jul 22 00:42:04.593283 2016] [:error] [pid 2599] [client 107.151.226.203:2083] script '/var/www/html/azenv.php' not found or unable to stat
[Fri Jul 22 00:53:39.198437 2016] [:error] [pid 2600] [client 23.251.63.45:4606] script '/var/www/html/azenv.php' not found or unable to stat
[Fri Jul 22 01:30:14.905008 2016] [:error] [pid 1059] [client 78.129.171.158:40876] script '/var/www/html/xmlrpc.php' not found or unable to stat
[Fri Jul 22 02:12:30.944882 2016] [:error] [pid 1338] [client 23.251.63.45:3994] script '/var/www/html/azenv.php' not found or unable to stat
[Fri Jul 22 02:37:45.957065 2016] [:error] [pid 1057] [client 107.151.226.203:1545] script '/var/www/html/azenv.php' not found or unable to stat
[Fri Jul 22 03:25:45.946049 2016] [:error] [pid 2600] [client 23.251.63.45:2074] script '/var/www/html/azenv.php' not found or unable to stat
[Fri Jul 22 03:26:01.657704 2016] [:error] [pid 1056] [client 23.251.63.45:2601] script '/var/www/html/av.php' not found or unable to stat
[Fri Jul 22 03:27:59.200641 2016] [:error] [pid 1059] [client 107.151.226.203:4410] script '/var/www/html/azenv.php' not found or unable to stat
[Fri Jul 22 04:10:13.461958 2016] [:error] [pid 1346] [client 107.151.226.203:1408] script '/var/www/html/azenv.php' not found or unable to stat
[Fri Jul 22 04:30:14.966967 2016] [:error] [pid 2599] [client 23.251.63.45:3030] script '/var/www/html/av.php' not found or unable to stat
[Fri Jul 22 05:32:30.322949 2016] [:error] [pid 1058] [client 23.251.63.45:1286] script '/var/www/html/azenv.php' not found or unable to stat
[Fri Jul 22 06:17:35.168976 2016] [:error] [pid 1055] [client 23.251.63.45:4156] script '/var/www/html/av.php' not found or unable to stat
[Fri Jul 22 06:37:28.813194 2016] [:error] [pid 1338] [client 107.151.226.203:1154] script '/var/www/html/azenv.php' not found or unable to stat
[Fri Jul 22 07:01:40.408469 2016] [:error] [pid 2599] [client 107.151.226.203:2340] script '/var/www/html/azenv.php' not found or unable to stat
[Fri Jul 22 08:12:45.141848 2016] [:error] [pid 1057] [client 107.151.226.203:4624] script '/var/www/html/azenv.php' not found or unable to stat
[Fri Jul 22 08:31:04.982727 2016] [:error] [pid 1058] [client 23.251.63.45:1632] script '/var/www/html/azenv.php' not found or unable to stat
[Fri Jul 22 08:39:50.774691 2016] [:error] [pid 1338] [client 107.151.226.203:2583] script '/var/www/html/azenv.php' not found or unable to stat
[Fri Jul 22 09:24:36.256562 2016] [:error] [pid 1055] [client 23.251.63.45:1305] script '/var/www/html/azenv.php' not found or unable to stat
[Fri Jul 22 10:12:12.713325 2016] [:error] [pid 2599] [client 107.151.226.203:1905] script '/var/www/html/azenv.php' not found or unable to stat
[Fri Jul 22 11:08:17.105418 2016] [:error] [pid 1346] [client 107.151.226.203:4129] script '/var/www/html/av.php' not found or unable to stat
[Fri Jul 22 11:36:22.047707 2016] [:error] [pid 1338] [client 23.251.63.45:2186] script '/var/www/html/azenv.php' not found or unable to stat
[Fri Jul 22 12:33:33.702670 2016] [:error] [pid 1055] [client 23.251.63.45:2295] script '/var/www/html/azenv.php' not found or unable to stat
[Fri Jul 22 12:49:00.790244 2016] [:error] [pid 1058] [client 107.151.226.203:1588] script '/var/www/html/azenv.php' not found or unable to stat
[Fri Jul 22 13:30:36.968561 2016] [:error] [pid 1056] [client 107.151.226.203:1177] script '/var/www/html/azenv.php' not found or unable to stat
[Fri Jul 22 14:06:08.782282 2016] [:error] [pid 2600] [client 107.151.226.203:1885] script '/var/www/html/azenv.php' not found or unable to stat
[Fri Jul 22 14:26:58.574942 2016] [:error] [pid 1057] [client 23.251.63.45:1578] script '/var/www/html/azenv.php' not found or unable to stat
[Fri Jul 22 15:17:01.580400 2016] [:error] [pid 1056] [client 23.251.63.45:1213] script '/var/www/html/azenv.php' not found or unable to stat
[Fri Jul 22 17:02:55.157805 2016] [:error] [pid 1058] [client 23.251.63.45:2873] script '/var/www/html/azenv.php' not found or unable to stat
[Fri Jul 22 18:00:26.642730 2016] [:error] [pid 1346] [client 23.251.63.45:3722] script '/var/www/html/azenv.php' not found or unable to stat
[Fri Jul 22 18:41:37.470715 2016] [:error] [pid 2599] [client 107.151.226.203:2851] script '/var/www/html/av.php' not found or unable to stat
[Fri Jul 22 18:48:34.988751 2016] [:error] [pid 2600] [client 23.251.63.45:1149] script '/var/www/html/azenv.php' not found or unable to stat
[Fri Jul 22 19:34:05.215824 2016] [:error] [pid 1057] [client 107.151.226.203:2864] script '/var/www/html/azenv.php' not found or unable to stat
[Fri Jul 22 20:55:56.657539 2016] [:error] [pid 1059] [client 23.251.63.45:2343] script '/var/www/html/av.php' not found or unable to stat
[Fri Jul 22 22:36:41.138055 2016] [:error] [pid 2601] [client 23.251.63.45:2066] script '/var/www/html/azenv.php' not found or unable to stat
[Sat Jul 23 00:07:18.897550 2016] [:error] [pid 2601] [client 107.151.226.203:2539] script '/var/www/html/azenv.php' not found or unable to stat
[Sat Jul 23 00:32:04.331693 2016] [:error] [pid 1058] [client 107.151.226.203:4701] script '/var/www/html/azenv.php' not found or unable to stat
[Sat Jul 23 00:47:35.595230 2016] [:error] [pid 2601] [client 23.251.63.45:1740] script '/var/www/html/azenv.php' not found or unable to stat
[Sat Jul 23 00:51:35.026769 2016] [:error] [pid 1059] [client 107.151.226.203:1683] script '/var/www/html/azenv.php' not found or unable to stat
[Sat Jul 23 01:14:01.860395 2016] [:error] [pid 1346] [client 107.151.226.203:2659] script '/var/www/html/azenv.php' not found or unable to stat
[Sat Jul 23 01:37:41.142789 2016] [:error] [pid 2599] [client 107.151.226.203:1988] script '/var/www/html/azenv.php' not found or unable to stat
[Sat Jul 23 01:55:52.266624 2016] [:error] [pid 2600] [client 23.251.63.45:3396] script '/var/www/html/azenv.php' not found or unable to stat
[Sat Jul 23 02:36:41.640536 2016] [:error] [pid 1055] [client 107.151.226.203:2301] script '/var/www/html/azenv.php' not found or unable to stat
[Sat Jul 23 03:03:09.540548 2016] [:error] [pid 1338] [client 23.251.63.45:2780] script '/var/www/html/azenv.php' not found or unable to stat
[Sat Jul 23 03:34:17.970827 2016] [:error] [pid 1346] [client 107.151.226.203:1595] script '/var/www/html/azenv.php' not found or unable to stat
[Sat Jul 23 04:13:09.365703 2016] [:error] [pid 1338] [client 182.254.154.72:42183] script '/var/www/html/check_proxy.php' not found or unable to stat
[Sat Jul 23 06:39:28.699358 2016] [:error] [pid 1059] [client 182.254.154.72:58928] script '/var/www/html/check_proxy.php' not found or unable to stat
[Sat Jul 23 06:52:14.657839 2016] [:error] [pid 1055] [client 107.151.226.203:3224] script '/var/www/html/av.php' not found or unable to stat
[Sat Jul 23 08:56:19.269751 2016] [:error] [pid 2599] [client 107.151.226.203:1412] script '/var/www/html/azenv.php' not found or unable to stat
[Sat Jul 23 09:48:47.986406 2016] [:error] [pid 1057] [client 107.151.226.203:3252] script '/var/www/html/av.php' not found or unable to stat
[Sat Jul 23 09:59:28.179262 2016] [:error] [pid 1055] [client 23.251.63.45:4402] script '/var/www/html/azenv.php' not found or unable to stat
[Sat Jul 23 10:35:27.995602 2016] [:error] [pid 1059] [client 182.254.154.72:53043] script '/var/www/html/check_proxy.php' not found or unable to stat
[Sat Jul 23 10:55:19.177935 2016] [:error] [pid 2601] [client 23.251.63.45:4041] script '/var/www/html/azenv.php' not found or unable to stat
[Sat Jul 23 11:32:54.830313 2016] [:error] [pid 2601] [client 107.151.226.203:2602] script '/var/www/html/azenv.php' not found or unable to stat
[Sat Jul 23 13:07:13.473084 2016] [:error] [pid 1058] [client 23.251.63.45:1794] script '/var/www/html/azenv.php' not found or unable to stat
[Sat Jul 23 14:07:03.839873 2016] [:error] [pid 2599] [client 23.251.63.45:4316] script '/var/www/html/azenv.php' not found or unable to stat
[Sat Jul 23 14:44:07.515076 2016] [:error] [pid 2600] [client 107.151.226.203:1556] script '/var/www/html/azenv.php' not found or unable to stat
[Sat Jul 23 14:57:02.129111 2016] [:error] [pid 1346] [client 23.251.63.45:2920] script '/var/www/html/azenv.php' not found or unable to stat
[Sat Jul 23 15:58:04.081726 2016] [:error] [pid 2601] [client 23.251.63.45:3171] script '/var/www/html/azenv.php' not found or unable to stat
[Sat Jul 23 15:58:13.064463 2016] [:error] [pid 1057] [client 23.251.63.45:3660] script '/var/www/html/azenv.php' not found or unable to stat
[Sat Jul 23 16:40:47.011160 2016] [:error] [pid 1059] [client 23.251.63.45:4285] script '/var/www/html/azenv.php' not found or unable to stat
[Sat Jul 23 18:07:29.281960 2016] [:error] [pid 1055] [client 23.251.63.45:2528] script '/var/www/html/azenv.php' not found or unable to stat
[Sat Jul 23 19:11:21.475870 2016] [:error] [pid 8232] [client 23.251.63.45:2572] script '/var/www/html/azenv.php' not found or unable to stat
[Sat Jul 23 20:43:18.676899 2016] [:error] [pid 1346] [client 107.151.226.203:1180] script '/var/www/html/azenv.php' not found or unable to stat
[Sat Jul 23 21:04:24.102365 2016] [:error] [pid 1059] [client 23.251.63.45:1366] script '/var/www/html/azenv.php' not found or unable to stat
[Sat Jul 23 21:52:53.615286 2016] [:error] [pid 2601] [client 23.251.63.45:2558] script '/var/www/html/azenv.php' not found or unable to stat
[Sat Jul 23 22:08:13.530294 2016] [:error] [pid 2600] [client 107.151.226.203:3381] script '/var/www/html/azenv.php' not found or unable to stat
[Sat Jul 23 23:32:39.025332 2016] [:error] [pid 1058] [client 23.251.63.45:4275] script '/var/www/html/azenv.php' not found or unable to stat
[Sun Jul 24 02:04:58.942328 2016] [:error] [pid 1057] [client 107.151.226.203:2831] script '/var/www/html/azenv.php' not found or unable to stat
[Sun Jul 24 02:42:24.869533 2016] [:error] [pid 1056] [client 107.151.226.203:4170] script '/var/www/html/azenv.php' not found or unable to stat
[Sun Jul 24 02:45:26.168539 2016] [:error] [pid 1058] [client 23.251.63.45:1671] script '/var/www/html/azenv.php' not found or unable to stat
[Sun Jul 24 03:29:02.821934 2016] [:error] [pid 2601] [client 23.251.63.45:2220] script '/var/www/html/azenv.php' not found or unable to stat
[Sun Jul 24 03:56:51.080178 2016] [:error] [pid 1057] [client 23.251.63.45:1964] script '/var/www/html/av.php' not found or unable to stat
[Sun Jul 24 04:09:26.517677 2016] [:error] [pid 1056] [client 107.151.226.203:4562] script '/var/www/html/azenv.php' not found or unable to stat
[Sun Jul 24 04:31:58.877136 2016] [:error] [pid 1058] [client 107.151.226.203:2942] script '/var/www/html/azenv.php' not found or unable to stat
[Sun Jul 24 04:37:19.703921 2016] [:error] [pid 1055] [client 23.251.63.45:2244] script '/var/www/html/azenv.php' not found or unable to stat
[Sun Jul 24 04:53:48.491902 2016] [:error] [pid 2601] [client 107.151.226.203:2613] script '/var/www/html/azenv.php' not found or unable to stat
[Sun Jul 24 05:59:55.487063 2016] [:error] [pid 2601] [client 107.151.226.203:4351] script '/var/www/html/azenv.php' not found or unable to stat
[Sun Jul 24 06:13:49.469858 2016] [:error] [pid 1057] [client 23.251.63.45:3829] script '/var/www/html/azenv.php' not found or unable to stat
[Sun Jul 24 06:32:22.151841 2016] [:error] [pid 1058] [client 23.251.63.45:1823] script '/var/www/html/azenv.php' not found or unable to stat
[Sun Jul 24 06:48:22.825542 2016] [:error] [pid 1059] [client 107.151.226.203:4809] script '/var/www/html/av.php' not found or unable to stat
[Sun Jul 24 06:51:04.046826 2016] [:error] [pid 8232] [client 23.251.63.45:1584] script '/var/www/html/azenv.php' not found or unable to stat
[Sun Jul 24 07:30:25.374867 2016] [:error] [pid 1056] [client 107.151.226.203:1216] script '/var/www/html/azenv.php' not found or unable to stat
[Sun Jul 24 07:42:06.323339 2016] [:error] [pid 8240] [client 23.251.63.45:1706] script '/var/www/html/azenv.php' not found or unable to stat
[Sun Jul 24 08:27:18.748678 2016] [:error] [pid 1346] [client 107.151.226.203:1742] script '/var/www/html/azenv.php' not found or unable to stat
[Sun Jul 24 09:39:17.973191 2016] [:error] [pid 8232] [client 23.251.63.45:1632] script '/var/www/html/azenv.php' not found or unable to stat
[Sun Jul 24 10:43:23.689583 2016] [:error] [pid 1056] [client 23.251.63.45:1839] script '/var/www/html/azenv.php' not found or unable to stat
[Sun Jul 24 12:43:18.732063 2016] [:error] [pid 8232] [client 23.251.63.45:3634] script '/var/www/html/azenv.php' not found or unable to stat
[Sun Jul 24 13:27:49.052047 2016] [:error] [pid 1058] [client 107.151.226.203:1946] script '/var/www/html/av.php' not found or unable to stat
[Sun Jul 24 13:46:15.262585 2016] [:error] [pid 1055] [client 23.251.63.45:1532] script '/var/www/html/azenv.php' not found or unable to stat
[Sun Jul 24 14:43:24.378557 2016] [:error] [pid 1057] [client 23.251.63.45:3006] script '/var/www/html/azenv.php' not found or unable to stat
[Sun Jul 24 15:07:09.096534 2016] [:error] [pid 1346] [client 107.151.226.203:4130] script '/var/www/html/azenv.php' not found or unable to stat
[Sun Jul 24 15:41:48.045151 2016] [:error] [pid 8232] [client 23.251.63.45:4034] script '/var/www/html/azenv.php' not found or unable to stat
[Sun Jul 24 16:07:28.613644 2016] [:error] [pid 8240] [client 107.151.226.203:1339] script '/var/www/html/azenv.php' not found or unable to stat
[Sun Jul 24 16:36:18.851165 2016] [:error] [pid 2600] [client 23.251.63.45:2477] script '/var/www/html/av.php' not found or unable to stat
[Sun Jul 24 16:57:52.550052 2016] [:error] [pid 1057] [client 107.151.226.203:2481] script '/var/www/html/azenv.php' not found or unable to stat
[Sun Jul 24 16:57:53.498482 2016] [:error] [pid 1058] [client 107.151.226.203:1233] script '/var/www/html/azenv.php' not found or unable to stat
[Sun Jul 24 17:43:04.472608 2016] [:error] [pid 8232] [client 107.151.226.203:1541] script '/var/www/html/azenv.php' not found or unable to stat
[Sun Jul 24 18:00:27.057130 2016] [:error] [pid 2600] [client 23.251.63.45:1627] script '/var/www/html/azenv.php' not found or unable to stat
[Sun Jul 24 18:01:05.360337 2016] [:error] [pid 1057] [client 23.251.63.45:2168] script '/var/www/html/azenv.php' not found or unable to stat
[Sun Jul 24 19:04:17.527478 2016] [:error] [pid 1056] [client 107.151.226.203:3682] script '/var/www/html/azenv.php' not found or unable to stat
[Sun Jul 24 19:29:28.730090 2016] [:error] [pid 8232] [client 23.251.63.45:2500] script '/var/www/html/azenv.php' not found or unable to stat
[Sun Jul 24 20:26:12.698204 2016] [:error] [pid 1055] [client 23.251.63.45:2274] script '/var/www/html/azenv.php' not found or unable to stat
[Sun Jul 24 20:49:11.678266 2016] [:error] [pid 1058] [client 107.151.226.203:1932] script '/var/www/html/azenv.php' not found or unable to stat
[Sun Jul 24 21:23:51.924823 2016] [:error] [pid 1056] [client 23.251.63.45:3197] script '/var/www/html/azenv.php' not found or unable to stat
[Sun Jul 24 21:26:40.479134 2016] [:error] [pid 2601] [client 182.254.154.72:40286] script '/var/www/html/check_proxy.php' not found or unable to stat
[Sun Jul 24 22:00:11.080059 2016] [:error] [pid 1055] [client 107.151.226.203:2553] script '/var/www/html/azenv.php' not found or unable to stat
[Sun Jul 24 22:26:42.368757 2016] [:error] [pid 8240] [client 23.251.63.45:2749] script '/var/www/html/azenv.php' not found or unable to stat
[Sun Jul 24 22:47:32.169564 2016] [:error] [pid 1057] [client 107.151.226.203:1501] script '/var/www/html/azenv.php' not found or unable to stat
[Sun Jul 24 23:22:37.760096 2016] [:error] [pid 1056] [client 107.151.226.203:4338] script '/var/www/html/azenv.php' not found or unable to stat
[Sun Jul 24 23:29:41.720286 2016] [:error] [pid 8232] [client 23.251.63.45:3690] script '/var/www/html/azenv.php' not found or unable to stat
[Mon Jul 25 00:16:26.068965 2016] [:error] [pid 1055] [client 107.151.226.203:3733] script '/var/www/html/azenv.php' not found or unable to stat
[Mon Jul 25 01:09:11.348571 2016] [:error] [pid 1058] [client 107.151.226.203:1890] script '/var/www/html/azenv.php' not found or unable to stat
[Mon Jul 25 01:34:13.560997 2016] [:error] [pid 1056] [client 23.251.63.45:1380] script '/var/www/html/azenv.php' not found or unable to stat
[Mon Jul 25 02:05:00.110251 2016] [:error] [pid 8232] [client 107.151.226.203:3138] script '/var/www/html/azenv.php' not found or unable to stat
[Mon Jul 25 02:28:09.463153 2016] [:error] [pid 1055] [client 23.251.63.45:2665] script '/var/www/html/azenv.php' not found or unable to stat
[Mon Jul 25 03:09:43.373624 2016] [:error] [pid 11029] [client 107.151.226.203:2960] script '/var/www/html/av.php' not found or unable to stat
[Mon Jul 25 03:25:20.459951 2016] [:error] [pid 11028] [client 23.251.63.45:1645] script '/var/www/html/azenv.php' not found or unable to stat
[Mon Jul 25 04:20:25.820749 2016] [:error] [pid 11027] [client 23.251.63.45:1147] script '/var/www/html/av.php' not found or unable to stat
[Mon Jul 25 04:21:29.553953 2016] [:error] [pid 11045] [client 107.151.226.203:1635] script '/var/www/html/azenv.php' not found or unable to stat
[Mon Jul 25 05:05:02.274431 2016] [:error] [pid 11026] [client 107.151.226.203:1910] script '/var/www/html/azenv.php' not found or unable to stat
[Mon Jul 25 05:47:05.158567 2016] [:error] [pid 11168] [client 182.254.154.72:53729] script '/var/www/html/check_proxy.php' not found or unable to stat
[Mon Jul 25 06:04:40.066689 2016] [:error] [pid 11169] [client 107.151.226.203:1274] script '/var/www/html/azenv.php' not found or unable to stat
[Mon Jul 25 06:14:32.640859 2016] [:error] [pid 11171] [client 23.251.63.45:1650] script '/var/www/html/av.php' not found or unable to stat
[Mon Jul 25 07:09:41.577846 2016] [:error] [pid 11026] [client 23.251.63.45:4069] script '/var/www/html/azenv.php' not found or unable to stat
[Mon Jul 25 07:50:07.998664 2016] [:error] [pid 11026] [client 107.151.226.203:2616] script '/var/www/html/azenv.php' not found or unable to stat
