221.213.73.230 - - [19/Jul/2016:11:04:03 +0800] "GET /netshop/vote.jsp?id=1&type=1 HTTP/1.1" 200 880
221.213.73.230 - - [19/Jul/2016:11:04:03 +0800] "GET /netshop/vote.jsp?id=1&type=1 HTTP/1.1" 200 880
221.213.73.230 - - [19/Jul/2016:11:04:04 +0800] "GET /netshop/vote.jsp?id=1&type=1 HTTP/1.1" 200 880
221.213.73.230 - - [19/Jul/2016:11:04:05 +0800] "GET /netshop/vote.jsp?id=1&type=1 HTTP/1.1" 200 880
221.213.73.230 - - [19/Jul/2016:11:04:05 +0800] "GET /netshop/vote.jsp?id=1&type=1 HTTP/1.1" 200 880
221.213.73.230 - - [19/Jul/2016:11:04:06 +0800] "GET /netshop/vote.jsp?id=1&type=1 HTTP/1.1" 200 880
221.213.73.230 - - [19/Jul/2016:11:05:01 +0800] "GET /netshop/vote.jsp HTTP/1.1" 200 890
221.213.73.230 - - [19/Jul/2016:11:05:42 +0800] "GET /netshop/vote.jsp HTTP/1.1" 200 1001
221.213.73.230 - - [19/Jul/2016:11:05:44 +0800] "GET /netshop/images/css0.css HTTP/1.1" 404 221
221.213.73.230 - - [19/Jul/2016:11:06:34 +0800] "GET /netshop/vote.jsp HTTP/1.1" 200 890
221.213.73.230 - - [19/Jul/2016:11:06:38 +0800] "GET /netshop/vote.jsp?id=1&type=1 HTTP/1.1" 200 881
221.213.73.230 - - [19/Jul/2016:11:06:40 +0800] "GET /netshop/vote.jsp?id=1&type=1 HTTP/1.1" 200 881
221.213.73.230 - - [19/Jul/2016:11:06:41 +0800] "GET /netshop/vote.jsp?id=1&type=1 HTTP/1.1" 200 881
221.213.73.230 - - [19/Jul/2016:11:08:01 +0800] "GET /netshop/vote.jsp HTTP/1.1" 200 890
221.213.73.230 - - [19/Jul/2016:11:08:04 +0800] "GET /netshop/vote.jsp?id=1&type=1 HTTP/1.1" 200 882
221.213.73.230 - - [19/Jul/2016:11:08:08 +0800] "GET /netshop/vote.jsp?id=1&type=yes HTTP/1.1" 200 886
221.213.73.230 - - [19/Jul/2016:11:09:12 +0800] "GET /netshop/vote.jsp?id=1&type=yes HTTP/1.1" 200 887
221.213.73.230 - - [19/Jul/2016:11:09:14 +0800] "GET /netshop/vote.jsp?id=1&type=yes HTTP/1.1" 200 887
180.153.201.158 - - [19/Jul/2016:11:12:45 +0800] "GET /js/jquery-3.1.0.min.js HTTP/1.1" 200 86351
180.153.201.158 - - [19/Jul/2016:11:12:45 +0800] "GET /js/echarts.min.js HTTP/1.1" 200 536723
221.213.73.230 - - [19/Jul/2016:11:18:31 +0800] "GET /netshop/vote.jsp HTTP/1.1" 200 890
221.213.73.230 - - [19/Jul/2016:11:18:32 +0800] "GET /js/echarts.min.js HTTP/1.1" 304 -
221.213.73.230 - - [19/Jul/2016:11:18:32 +0800] "GET /js/jquery-3.1.0.min.js HTTP/1.1" 200 86351
221.213.73.230 - - [19/Jul/2016:11:18:45 +0800] "GET /netshop/vote.jsp?id=1&type=yes HTTP/1.1" 200 880
221.213.73.230 - - [19/Jul/2016:11:18:47 +0800] "GET /netshop/vote.jsp?id=1&type=yes HTTP/1.1" 200 880
221.213.73.230 - - [19/Jul/2016:11:18:47 +0800] "GET /netshop/vote.jsp?id=1&type=yes HTTP/1.1" 200 880
221.213.73.230 - - [19/Jul/2016:11:18:48 +0800] "GET /netshop/vote.jsp?id=1&type=yes HTTP/1.1" 200 880
221.213.73.230 - - [19/Jul/2016:11:18:49 +0800] "GET /netshop/vote.jsp?id=1&type=yes HTTP/1.1" 200 880
221.213.73.230 - - [19/Jul/2016:11:18:50 +0800] "GET /netshop/vote.jsp?id=1&type=yes HTTP/1.1" 200 880
221.213.73.230 - - [19/Jul/2016:11:18:51 +0800] "GET /netshop/vote.jsp?id=1&type=yes HTTP/1.1" 200 880
221.213.73.230 - - [19/Jul/2016:11:19:08 +0800] "GET /netshop/vote.jsp?id=1&type=yes HTTP/1.1" 200 880
221.213.73.230 - - [19/Jul/2016:11:19:08 +0800] "GET /js/jquery-3.1.0.min.js HTTP/1.1" 304 -
221.213.73.230 - - [19/Jul/2016:11:19:08 +0800] "GET /js/echarts.min.js HTTP/1.1" 304 -
221.213.73.230 - - [19/Jul/2016:11:19:11 +0800] "GET /netshop/vote.jsp?id=1&type=yes HTTP/1.1" 200 880
221.213.73.230 - - [19/Jul/2016:11:22:13 +0800] "GET /netshop/vote.jsp?id=1&type=yes HTTP/1.1" 200 880
221.213.73.230 - - [19/Jul/2016:11:22:15 +0800] "GET /netshop/vote.jsp?id=1&type=yes HTTP/1.1" 200 880
221.213.73.230 - - [19/Jul/2016:11:22:16 +0800] "GET /netshop/vote.jsp?id=1&type=yes HTTP/1.1" 200 880
221.213.73.230 - - [19/Jul/2016:11:22:17 +0800] "GET /netshop/vote.jsp?id=1&type=yes HTTP/1.1" 200 880
221.213.73.230 - - [19/Jul/2016:11:22:18 +0800] "GET /netshop/vote.jsp?id=1&type=yes HTTP/1.1" 200 880
221.213.73.230 - - [19/Jul/2016:11:22:19 +0800] "GET /netshop/vote.jsp?id=1&type=yes HTTP/1.1" 200 880
221.213.73.230 - - [19/Jul/2016:11:22:23 +0800] "GET /netshop/vote.jsp?id=1&type=no HTTP/1.1" 200 880
221.213.73.230 - - [19/Jul/2016:11:23:59 +0800] "GET /netshop/vote.jsp?id=1&type=no HTTP/1.1" 200 880
221.213.73.230 - - [19/Jul/2016:11:24:02 +0800] "GET /netshop/vote.jsp?id=1&type=yes HTTP/1.1" 200 880
221.213.73.230 - - [19/Jul/2016:11:24:04 +0800] "GET /netshop/vote.jsp?id=1&type=yes HTTP/1.1" 200 880
221.213.73.230 - - [19/Jul/2016:11:24:05 +0800] "GET /netshop/vote.jsp?id=1&type=yes HTTP/1.1" 200 880
221.213.73.230 - - [19/Jul/2016:11:24:06 +0800] "GET /netshop/vote.jsp?id=1&type=yes HTTP/1.1" 200 880
221.213.73.230 - - [19/Jul/2016:11:24:07 +0800] "GET /netshop/vote.jsp?id=1&type=yes HTTP/1.1" 200 880
221.213.73.230 - - [19/Jul/2016:11:24:09 +0800] "GET /netshop/vote.jsp?id=1&type=yes HTTP/1.1" 200 880
221.213.73.230 - - [19/Jul/2016:11:24:13 +0800] "GET /netshop/vote.jsp?id=1&type=yes HTTP/1.1" 200 880
221.213.73.230 - - [19/Jul/2016:11:24:14 +0800] "GET /netshop/vote.jsp?id=1&type=yes HTTP/1.1" 200 880
221.213.73.230 - - [19/Jul/2016:11:24:15 +0800] "GET /netshop/vote.jsp?id=1&type=yes HTTP/1.1" 200 880
112.65.193.16 - - [19/Jul/2016:11:24:38 +0800] "GET /netshop/vote.jsp?id=1&type=yes HTTP/1.1" 200 881
112.90.82.196 - - [19/Jul/2016:11:24:40 +0800] "GET /netshop/vote.jsp?id=1&type=yes HTTP/1.1" 200 881
180.153.206.35 - - [19/Jul/2016:11:24:42 +0800] "GET /netshop/vote.jsp?id=1&type=yes HTTP/1.1" 200 881
180.153.206.38 - - [19/Jul/2016:11:24:44 +0800] "GET /netshop/vote.jsp?id=1&type=yes HTTP/1.1" 200 881
180.153.214.181 - - [19/Jul/2016:11:24:46 +0800] "GET /netshop/vote.jsp?id=1&type=yes HTTP/1.1" 200 881
114.36.213.133 - - [19/Jul/2016:11:32:31 +0800] "CONNECT smtp.mail.yahoo.com:25 HTTP/1.0" 405 235
101.226.66.173 - - [19/Jul/2016:11:32:43 +0800] "GET /netshop/vote_test.jsp HTTP/1.1" 200 1032
180.153.206.18 - - [19/Jul/2016:11:32:43 +0800] "GET /netshop/vote_test.jsp HTTP/1.1" 200 1032
221.213.73.230 - - [19/Jul/2016:11:32:43 +0800] "GET /netshop/vote_test.jsp HTTP/1.1" 200 1032
221.213.73.230 - - [19/Jul/2016:11:33:19 +0800] "GET /netshop/vote.jsp HTTP/1.1" 200 909
221.213.73.230 - - [19/Jul/2016:11:33:19 +0800] "GET /js/echarts.min.js HTTP/1.1" 304 -
221.213.73.230 - - [19/Jul/2016:11:33:25 +0800] "GET /netshop/vote_test.jsp HTTP/1.1" 200 1032
221.213.73.230 - - [19/Jul/2016:11:33:25 +0800] "GET /js/jquery-3.1.0.min.js HTTP/1.1" 304 -
221.213.73.230 - - [19/Jul/2016:11:33:30 +0800] "GET /netshop/vote.jsp HTTP/1.1" 200 909
221.213.73.230 - - [19/Jul/2016:11:33:30 +0800] "GET /js/jquery-3.1.0.min.js HTTP/1.1" 304 -
221.213.73.230 - - [19/Jul/2016:11:33:30 +0800] "GET /js/echarts.min.js HTTP/1.1" 304 -
221.213.73.230 - - [19/Jul/2016:11:33:33 +0800] "GET /netshop/vote.jsp?id=1&type=yes HTTP/1.1" 200 901
221.213.73.230 - - [19/Jul/2016:11:33:37 +0800] "GET /netshop/vote.jsp?id=1&type=no HTTP/1.1" 200 901
180.153.212.13 - - [19/Jul/2016:11:33:38 +0800] "GET /netshop/vote.jsp?id=1&type=no HTTP/1.1" 200 901
221.213.73.230 - - [19/Jul/2016:11:33:51 +0800] "GET /netshop/vote.jsp?id=1 HTTP/1.1" 500 815
221.213.73.230 - - [19/Jul/2016:11:33:51 +0800] "GET /netshop/images/css0.css HTTP/1.1" 404 221
221.213.73.230 - - [19/Jul/2016:11:33:55 +0800] "GET /netshop/vote.jsp?id=1&type=no HTTP/1.1" 200 901
221.213.73.230 - - [19/Jul/2016:11:33:57 +0800] "GET /netshop/vote.jsp?id=1&type=no HTTP/1.1" 200 901
221.213.73.230 - - [19/Jul/2016:11:33:58 +0800] "GET /netshop/vote.jsp?id=1&type=no HTTP/1.1" 200 901
221.213.73.230 - - [19/Jul/2016:11:34:00 +0800] "GET /netshop/vote.jsp?id=1&type=no HTTP/1.1" 200 901
221.213.73.230 - - [19/Jul/2016:11:34:01 +0800] "GET /netshop/vote.jsp?id=1&type=no HTTP/1.1" 200 901
221.213.73.230 - - [19/Jul/2016:11:34:02 +0800] "GET /netshop/vote.jsp?id=1&type=no HTTP/1.1" 200 901
221.213.73.230 - - [19/Jul/2016:11:34:52 +0800] "GET /netshop/vote.jsp HTTP/1.1" 200 909
221.213.73.230 - - [19/Jul/2016:11:34:55 +0800] "GET /netshop/vote.jsp?id=1&type=no HTTP/1.1" 200 903
221.213.73.230 - - [19/Jul/2016:11:34:57 +0800] "GET /netshop/vote.jsp?id=1&type= HTTP/1.1" 200 903
180.153.206.20 - - [19/Jul/2016:11:34:57 +0800] "GET /netshop/vote.jsp?id=1&type= HTTP/1.1" 200 903
101.226.66.172 - - [19/Jul/2016:11:34:57 +0800] "GET /netshop/vote.jsp?id=1&type= HTTP/1.1" 200 903
221.213.73.230 - - [19/Jul/2016:11:35:00 +0800] "GET /netshop/vote.jsp?id=1& HTTP/1.1" 500 815
180.153.161.55 - - [19/Jul/2016:11:35:00 +0800] "GET /netshop/vote.jsp?id=1& HTTP/1.1" 500 815
221.213.73.230 - - [19/Jul/2016:11:35:00 +0800] "GET /netshop/images/css0.css HTTP/1.1" 404 221
180.153.205.253 - - [19/Jul/2016:11:35:01 +0800] "GET /netshop/vote.jsp?id=1& HTTP/1.1" 500 815
221.213.73.230 - - [19/Jul/2016:11:35:04 +0800] "GET /netshop/vote.jsp?id=1 HTTP/1.1" 500 815
221.213.73.230 - - [19/Jul/2016:11:35:04 +0800] "GET /netshop/images/css0.css HTTP/1.1" 404 221
221.213.73.230 - - [19/Jul/2016:11:35:05 +0800] "GET /netshop/vote.jsp?id=1 HTTP/1.1" 500 815
221.213.73.230 - - [19/Jul/2016:11:35:05 +0800] "GET /netshop/images/css0.css HTTP/1.1" 404 221
221.213.73.230 - - [19/Jul/2016:11:35:05 +0800] "GET /netshop/vote.jsp?id=1 HTTP/1.1" 500 815
221.213.73.230 - - [19/Jul/2016:11:35:05 +0800] "GET /netshop/images/css0.css HTTP/1.1" 404 221
221.213.73.230 - - [19/Jul/2016:11:35:19 +0800] "GET /netshop/vote.jsp?id=1 HTTP/1.1" 500 815
221.213.73.230 - - [19/Jul/2016:11:35:19 +0800] "GET /netshop/images/css0.css HTTP/1.1" 404 221
221.213.73.230 - - [19/Jul/2016:11:35:20 +0800] "GET /netshop/vote.jsp?id= HTTP/1.1" 500 990
221.213.73.230 - - [19/Jul/2016:11:35:20 +0800] "GET /netshop/images/css0.css HTTP/1.1" 404 221
221.213.73.230 - - [19/Jul/2016:11:35:21 +0800] "GET /netshop/vote.jsp HTTP/1.1" 200 909
221.213.73.230 - - [19/Jul/2016:11:35:25 +0800] "GET /netshop/vote.jsp?id=1 HTTP/1.1" 500 815
221.213.73.230 - - [19/Jul/2016:11:35:25 +0800] "GET /netshop/images/css0.css HTTP/1.1" 404 221
101.226.66.173 - - [19/Jul/2016:11:38:45 +0800] "GET /js/jquery-3.1.0.min.js HTTP/1.1" 200 86351
23.251.63.45 - - [19/Jul/2016:11:38:48 +0800] "GET http://fr.cyberpods.net/ HTTP/1.1" 200 3805
23.251.63.45 - - [19/Jul/2016:11:38:49 +0800] "CONNECT www.alipay.com:443 HTTP/1.1" 405 235
23.251.63.45 - - [19/Jul/2016:11:38:49 +0800] "\x80\x98\x01\x03\x01" 400 226
180.153.201.24 - - [19/Jul/2016:11:39:23 +0800] "GET /netshop/vote.jsp?id=1&type=yes HTTP/1.1" 200 903
180.153.201.24 - - [19/Jul/2016:11:39:23 +0800] "GET /js/jquery-3.1.0.min.js HTTP/1.1" 200 86351
180.153.201.24 - - [19/Jul/2016:11:39:24 +0800] "GET /js/echarts.min.js HTTP/1.1" 200 536723
180.153.201.24 - - [19/Jul/2016:11:39:27 +0800] "GET /js/echarts.min.js HTTP/1.1" 200 536723
180.153.212.13 - - [19/Jul/2016:11:40:21 +0800] "GET /js/jquery-3.1.0.min.js HTTP/1.1" 200 86351
180.153.212.13 - - [19/Jul/2016:11:40:21 +0800] "GET /js/echarts.min.js HTTP/1.1" 200 536723
114.36.213.133 - - [19/Jul/2016:11:41:02 +0800] "CONNECT smtp.mail.yahoo.com:25 HTTP/1.0" 405 235
101.226.66.172 - - [19/Jul/2016:11:41:22 +0800] "GET /js/jquery-3.1.0.min.js HTTP/1.1" 200 86351
101.226.66.172 - - [19/Jul/2016:11:41:22 +0800] "GET /js/echarts.min.js HTTP/1.1" 200 536723
114.36.213.133 - - [19/Jul/2016:11:56:03 +0800] "CONNECT smtp.mail.yahoo.com:25 HTTP/1.0" 405 235
107.151.226.203 - - [19/Jul/2016:12:22:28 +0800] "GET http://www.luisaranguren.com/azenv.php HTTP/1.0" 404 207
107.151.226.203 - - [19/Jul/2016:12:22:29 +0800] "CONNECT www.baidu.com:443 HTTP/1.0" 405 235
114.36.213.133 - - [19/Jul/2016:12:25:13 +0800] "CONNECT smtp.mail.yahoo.com:25 HTTP/1.0" 405 235
114.36.213.133 - - [19/Jul/2016:12:26:39 +0800] "CONNECT smtp.mail.yahoo.com:25 HTTP/1.0" 405 235
221.213.73.230 - - [19/Jul/2016:12:30:06 +0800] "GET /netshop/vote.jsp?id=1&type=yes HTTP/1.1" 200 903
221.213.73.230 - - [19/Jul/2016:12:30:06 +0800] "GET /js/jquery-3.1.0.min.js HTTP/1.1" 200 86351
221.213.73.230 - - [19/Jul/2016:12:30:06 +0800] "GET /js/echarts.min.js HTTP/1.1" 200 536723
220.165.247.140 - - [19/Jul/2016:12:34:52 +0800] "GET /favicon.ico HTTP/1.1" 404 209
220.165.247.140 - - [19/Jul/2016:12:34:55 +0800] "GET /favicon.ico HTTP/1.1" 404 209
114.36.213.133 - - [19/Jul/2016:12:39:11 +0800] "CONNECT smtp.mail.yahoo.com:25 HTTP/1.0" 405 235
114.36.213.133 - - [19/Jul/2016:12:39:38 +0800] "CONNECT smtp.mail.yahoo.com:25 HTTP/1.0" 405 235
23.251.63.45 - - [19/Jul/2016:12:40:33 +0800] "GET http://www.proxyjudge.info/azenv.php HTTP/1.1" 404 207
23.251.63.45 - - [19/Jul/2016:12:40:33 +0800] "CONNECT www.baidu.com:443 HTTP/1.1" 405 235
23.251.63.45 - - [19/Jul/2016:12:40:34 +0800] "\x80\x98\x01\x03\x01" 400 226
123.151.42.61 - - [19/Jul/2016:12:43:18 +0800] "GET http://www.baidu.com/ HTTP/1.1" 200 3805
107.151.226.203 - - [19/Jul/2016:12:43:49 +0800] "GET http://www.sbjudge3.com/azenv.php HTTP/1.0" 404 207
107.151.226.203 - - [19/Jul/2016:12:43:50 +0800] "CONNECT www.baidu.com:443 HTTP/1.0" 405 235
220.165.247.140 - - [19/Jul/2016:12:45:29 +0800] "GET /favicon.ico HTTP/1.1" 404 209
220.165.247.140 - - [19/Jul/2016:12:45:31 +0800] "GET /favicon.ico HTTP/1.1" 404 209
220.165.247.140 - - [19/Jul/2016:12:46:42 +0800] "GET /favicon.ico HTTP/1.1" 404 209
220.165.247.140 - - [19/Jul/2016:12:46:43 +0800] "GET /favicon.ico HTTP/1.1" 404 209
114.36.213.133 - - [19/Jul/2016:12:55:02 +0800] "CONNECT smtp.mail.yahoo.com:25 HTTP/1.0" 405 235
114.36.213.133 - - [19/Jul/2016:12:56:01 +0800] "CONNECT smtp.mail.yahoo.com:25 HTTP/1.0" 405 235
220.165.247.140 - - [19/Jul/2016:13:08:21 +0800] "GET /favicon.ico HTTP/1.1" 404 209
220.165.247.140 - - [19/Jul/2016:13:08:22 +0800] "GET /favicon.ico HTTP/1.1" 404 209
114.36.213.133 - - [19/Jul/2016:13:10:27 +0800] "CONNECT smtp.mail.yahoo.com:25 HTTP/1.0" 405 235
107.151.226.203 - - [19/Jul/2016:13:11:31 +0800] "GET http://fr.cyberpods.net/ HTTP/1.0" 200 3805
107.151.226.203 - - [19/Jul/2016:13:11:32 +0800] "CONNECT www.baidu.com:443 HTTP/1.0" 405 235
220.165.247.140 - - [19/Jul/2016:13:12:34 +0800] "GET /favicon.ico HTTP/1.1" 404 209
220.165.247.140 - - [19/Jul/2016:13:12:36 +0800] "GET /favicon.ico HTTP/1.1" 404 209
114.36.213.133 - - [19/Jul/2016:13:26:08 +0800] "CONNECT smtp.mail.yahoo.com:25 HTTP/1.0" 405 235
114.36.213.133 - - [19/Jul/2016:13:39:43 +0800] "CONNECT smtp.mail.yahoo.com:25 HTTP/1.0" 405 235
23.251.63.45 - - [19/Jul/2016:13:42:37 +0800] "GET http://www.proxyjudge.info/azenv.php HTTP/1.1" 404 207
23.251.63.45 - - [19/Jul/2016:13:42:38 +0800] "CONNECT www.baidu.com:443 HTTP/1.1" 405 235
23.251.63.45 - - [19/Jul/2016:13:42:38 +0800] "\x80\x98\x01\x03\x01" 400 226
93.174.93.218 - - [19/Jul/2016:13:47:11 +0800] "GET http://httpheader.net/ HTTP/1.1" 200 3805
221.213.73.230 - - [19/Jul/2016:13:50:41 +0800] "GET /browserconfig.xml HTTP/1.1" 404 215
221.213.73.230 - - [19/Jul/2016:13:51:32 +0800] "-" 408 -
114.36.213.133 - - [19/Jul/2016:13:56:30 +0800] "CONNECT smtp.mail.yahoo.com:25 HTTP/1.0" 405 235
114.36.213.133 - - [19/Jul/2016:14:11:15 +0800] "CONNECT smtp.mail.yahoo.com:25 HTTP/1.0" 405 235
23.251.63.45 - - [19/Jul/2016:14:21:24 +0800] "GET http://www.proxyjudge.info/azenv.php HTTP/1.1" 404 207
23.251.63.45 - - [19/Jul/2016:14:21:25 +0800] "CONNECT www.alipay.com:443 HTTP/1.1" 405 235
23.251.63.45 - - [19/Jul/2016:14:21:25 +0800] "\x80\x98\x01\x03\x01" 400 226
69.30.253.59 - - [19/Jul/2016:14:36:56 +0800] "GET / HTTP/1.1" 200 3805
114.36.213.133 - - [19/Jul/2016:14:41:55 +0800] "CONNECT smtp.mail.yahoo.com:25 HTTP/1.0" 405 235
114.36.213.133 - - [19/Jul/2016:15:13:39 +0800] "CONNECT smtp.mail.yahoo.com:25 HTTP/1.0" 405 235
23.251.63.45 - - [19/Jul/2016:15:13:54 +0800] "GET http://proxyjudge.us/ HTTP/1.1" 200 3805
23.251.63.45 - - [19/Jul/2016:15:13:54 +0800] "CONNECT www.baidu.com:443 HTTP/1.1" 405 235
23.251.63.45 - - [19/Jul/2016:15:13:55 +0800] "\x80\x98\x01\x03\x01" 400 226
183.129.160.229 - - [19/Jul/2016:15:19:19 +0800] "GET / HTTP/1.1" 400 226
114.36.213.133 - - [19/Jul/2016:15:29:37 +0800] "CONNECT smtp.mail.yahoo.com:25 HTTP/1.0" 405 235
220.165.247.140 - - [19/Jul/2016:15:32:44 +0800] "GET /favicon.ico HTTP/1.1" 404 209
220.165.247.140 - - [19/Jul/2016:15:32:46 +0800] "GET /favicon.ico HTTP/1.1" 404 209
220.165.247.140 - - [19/Jul/2016:15:47:25 +0800] "GET /favicon.ico HTTP/1.1" 404 209
220.165.247.140 - - [19/Jul/2016:15:47:26 +0800] "GET /favicon.ico HTTP/1.1" 404 209
114.36.213.133 - - [19/Jul/2016:16:01:07 +0800] "CONNECT smtp.mail.yahoo.com:25 HTTP/1.0" 405 235
220.165.247.140 - - [19/Jul/2016:16:03:27 +0800] "GET /favicon.ico HTTP/1.1" 404 209
220.165.247.140 - - [19/Jul/2016:16:03:28 +0800] "GET /favicon.ico HTTP/1.1" 404 209
220.165.247.140 - - [19/Jul/2016:16:09:20 +0800] "GET /favicon.ico HTTP/1.1" 404 209
220.165.247.140 - - [19/Jul/2016:16:09:21 +0800] "GET /favicon.ico HTTP/1.1" 404 209
220.165.247.140 - - [19/Jul/2016:16:13:56 +0800] "GET /favicon.ico HTTP/1.1" 404 209
220.165.247.140 - - [19/Jul/2016:16:13:56 +0800] "GET /favicon.ico HTTP/1.1" 404 209
114.36.213.133 - - [19/Jul/2016:16:16:41 +0800] "CONNECT smtp.mail.yahoo.com:25 HTTP/1.0" 405 235
107.151.226.203 - - [19/Jul/2016:16:17:33 +0800] "GET http://fr.cyberpods.net/ HTTP/1.0" 200 3805
107.151.226.203 - - [19/Jul/2016:16:17:34 +0800] "CONNECT www.baidu.com:443 HTTP/1.0" 405 235
220.165.247.140 - - [19/Jul/2016:16:27:27 +0800] "GET /favicon.ico HTTP/1.1" 404 209
220.165.247.140 - - [19/Jul/2016:16:27:27 +0800] "GET /favicon.ico HTTP/1.1" 404 209
63.141.231.194 - - [19/Jul/2016:17:16:35 +0800] "GET / HTTP/1.1" 200 3805
120.132.50.135 - - [19/Jul/2016:17:29:34 +0800] "GET http://www.mafengwo.cn/ HTTP/1.1" 200 3805
120.132.50.135 - - [19/Jul/2016:17:29:49 +0800] "GET http://www.ctrip.com/ HTTP/1.1" 200 3805
23.251.63.45 - - [19/Jul/2016:17:58:16 +0800] "GET http://www.sbjudge3.com/azenv.php HTTP/1.1" 404 207
23.251.63.45 - - [19/Jul/2016:17:58:20 +0800] "CONNECT www.alipay.com:443 HTTP/1.1" 405 235
23.251.63.45 - - [19/Jul/2016:17:58:20 +0800] "\x80\x98\x01\x03\x01" 400 226
163.172.134.70 - - [19/Jul/2016:18:13:26 +0800] "GET http://www.baidu.com/cache/global/img/gs.gif HTTP/1.1" 404 221
42.159.226.217 - - [19/Jul/2016:18:31:01 +0800] "GET http://maxcd03-dev01.chinacloudapp.cn/index.php HTTP/1.0" 404 207
107.151.226.203 - - [19/Jul/2016:18:31:17 +0800] "GET http://www.proxyjudge.info/azenv.php HTTP/1.0" 404 207
42.159.145.186 - - [19/Jul/2016:18:37:39 +0800] "GET http://42.159.247.105/index.php HTTP/1.0" 404 207
23.251.63.45 - - [19/Jul/2016:18:52:25 +0800] "GET http://domkrim.com/av.php HTTP/1.1" 404 204
23.251.63.45 - - [19/Jul/2016:18:52:25 +0800] "CONNECT www.baidu.com:443 HTTP/1.1" 405 235
23.251.63.45 - - [19/Jul/2016:18:52:26 +0800] "\x80\x98\x01\x03\x01" 400 226
103.240.16.119 - - [19/Jul/2016:18:55:00 +0800] "GET http://www.example.com/ HTTP/1.1" 200 3805
107.151.226.203 - - [19/Jul/2016:19:08:34 +0800] "CONNECT www.alipay.com:443 HTTP/1.0" 405 235
93.174.93.50 - - [19/Jul/2016:19:32:55 +0800] "GET /muieblackcat HTTP/1.1" 404 210
93.174.93.50 - - [19/Jul/2016:19:32:57 +0800] "GET //pma/scripts/setup.php HTTP/1.1" 404 219
93.174.93.50 - - [19/Jul/2016:19:32:58 +0800] "GET //phpmyadmin/scripts/setup.php HTTP/1.1" 404 226
93.174.93.50 - - [19/Jul/2016:19:32:59 +0800] "GET //phpMyAdmin/scripts/setup.php HTTP/1.1" 404 226
93.174.93.50 - - [19/Jul/2016:19:33:03 +0800] "GET //mysqladmin/scripts/setup.php HTTP/1.1" 404 226
93.174.93.50 - - [19/Jul/2016:19:33:04 +0800] "GET //mysql/scripts/setup.php HTTP/1.1" 404 221
93.174.93.50 - - [19/Jul/2016:19:33:05 +0800] "GET //admin/scripts/setup.php HTTP/1.1" 404 221
93.174.93.50 - - [19/Jul/2016:19:33:11 +0800] "GET //myadmin/scripts/setup.php HTTP/1.1" 404 223
123.56.233.113 - - [19/Jul/2016:19:35:27 +0800] "GET / HTTP/1.1" 200 3805
107.151.226.203 - - [19/Jul/2016:19:50:07 +0800] "GET http://www.sbjudge1.com/azenv.php HTTP/1.0" 404 207
107.151.226.203 - - [19/Jul/2016:19:50:07 +0800] "CONNECT www.alipay.com:443 HTTP/1.0" 405 235
23.251.63.45 - - [19/Jul/2016:19:52:37 +0800] "GET http://domkrim.com/av.php HTTP/1.1" 404 204
23.251.63.45 - - [19/Jul/2016:19:52:38 +0800] "CONNECT www.alipay.com:443 HTTP/1.1" 405 235
23.251.63.45 - - [19/Jul/2016:19:52:38 +0800] "\x80\x98\x01\x03\x01" 400 226
54.194.64.5 - - [19/Jul/2016:19:52:46 +0800] "GET / HTTP/1.1" 200 3805
221.213.73.230 - - [19/Jul/2016:19:57:37 +0800] "GET /browserconfig.xml HTTP/1.1" 404 215
221.213.73.230 - - [19/Jul/2016:19:57:37 +0800] "GET /browserconfig.xml HTTP/1.1" 404 215
221.213.73.230 - - [19/Jul/2016:19:58:28 +0800] "-" 408 -
221.213.73.230 - - [19/Jul/2016:19:58:29 +0800] "-" 408 -
107.151.226.203 - - [19/Jul/2016:20:39:51 +0800] "GET http://www.sbjudge2.com/azenv.php HTTP/1.0" 404 207
107.151.226.203 - - [19/Jul/2016:20:39:59 +0800] "CONNECT www.baidu.com:443 HTTP/1.0" 405 235
23.251.63.45 - - [19/Jul/2016:20:48:53 +0800] "GET http://proxyjudge.us/ HTTP/1.1" 200 3805
23.251.63.45 - - [19/Jul/2016:20:48:54 +0800] "CONNECT www.baidu.com:443 HTTP/1.1" 405 235
23.251.63.45 - - [19/Jul/2016:20:48:54 +0800] "\x80\x98\x01\x03\x01" 400 226
23.251.63.45 - - [19/Jul/2016:21:47:36 +0800] "GET http://www.sbjudge2.com/azenv.php HTTP/1.1" 404 207
23.251.63.45 - - [19/Jul/2016:21:47:36 +0800] "CONNECT www.baidu.com:443 HTTP/1.1" 405 235
23.251.63.45 - - [19/Jul/2016:21:47:36 +0800] "\x80\x98\x01\x03\x01" 400 226
107.151.226.203 - - [19/Jul/2016:22:01:49 +0800] "GET http://www.proxy-listen.de/azenv.php HTTP/1.0" 404 207
107.151.226.203 - - [19/Jul/2016:22:01:53 +0800] "CONNECT www.baidu.com:443 HTTP/1.0" 405 235
114.36.213.133 - - [19/Jul/2016:22:02:07 +0800] "CONNECT smtp.mail.yahoo.com:25 HTTP/1.0" 405 235
93.174.93.136 - - [19/Jul/2016:22:39:13 +0800] "GET http://www.baidu.com/cache/global/img/gs.gif HTTP/1.1" 404 221
114.36.213.133 - - [19/Jul/2016:22:46:12 +0800] "CONNECT smtp.mail.yahoo.com:25 HTTP/1.0" 405 235
23.251.63.45 - - [19/Jul/2016:22:47:04 +0800] "GET http://www.sbjudge3.com/azenv.php HTTP/1.1" 404 207
23.251.63.45 - - [19/Jul/2016:22:47:04 +0800] "CONNECT www.baidu.com:443 HTTP/1.1" 405 235
23.251.63.45 - - [19/Jul/2016:22:47:05 +0800] "\x80\x98\x01\x03\x01" 400 226
114.36.213.133 - - [19/Jul/2016:23:01:53 +0800] "CONNECT smtp.mail.yahoo.com:25 HTTP/1.0" 405 235
114.36.213.133 - - [19/Jul/2016:23:12:04 +0800] "CONNECT smtp.mail.yahoo.com:25 HTTP/1.0" 405 235
114.36.213.133 - - [19/Jul/2016:23:41:21 +0800] "CONNECT smtp.mail.yahoo.com:25 HTTP/1.0" 405 235
107.151.226.203 - - [19/Jul/2016:23:46:24 +0800] "GET http://fr.cyberpods.net/ HTTP/1.0" 200 3805
107.151.226.203 - - [19/Jul/2016:23:46:25 +0800] "CONNECT www.alipay.com:443 HTTP/1.0" 405 235
23.251.63.45 - - [19/Jul/2016:23:48:14 +0800] "GET http://domkrim.com/av.php HTTP/1.1" 404 204
23.251.63.45 - - [19/Jul/2016:23:48:15 +0800] "CONNECT www.baidu.com:443 HTTP/1.1" 405 235
23.251.63.45 - - [19/Jul/2016:23:48:15 +0800] "\x80\x98\x01\x03\x01" 400 226
114.36.213.133 - - [19/Jul/2016:23:55:45 +0800] "CONNECT smtp.mail.yahoo.com:25 HTTP/1.0" 405 235
114.36.213.133 - - [20/Jul/2016:00:25:40 +0800] "CONNECT smtp.mail.yahoo.com:25 HTTP/1.0" 405 235
114.36.213.133 - - [20/Jul/2016:00:40:15 +0800] "CONNECT smtp.mail.yahoo.com:25 HTTP/1.0" 405 235
23.251.63.45 - - [20/Jul/2016:00:43:53 +0800] "GET http://www.proxy-listen.de/azenv.php HTTP/1.1" 404 207
23.244.171.101 - - [20/Jul/2016:00:54:12 +0800] "GET / HTTP/1.1" 200 3805
114.36.213.133 - - [20/Jul/2016:00:56:00 +0800] "CONNECT smtp.mail.yahoo.com:25 HTTP/1.0" 405 235
107.151.226.203 - - [20/Jul/2016:01:05:46 +0800] "GET http://www.sbjudge3.com/azenv.php HTTP/1.0" 404 207
107.151.226.203 - - [20/Jul/2016:01:05:46 +0800] "CONNECT www.alipay.com:443 HTTP/1.0" 405 235
114.36.213.133 - - [20/Jul/2016:01:08:58 +0800] "CONNECT smtp.mail.yahoo.com:25 HTTP/1.0" 405 235
114.36.213.133 - - [20/Jul/2016:01:09:36 +0800] "CONNECT smtp.mail.yahoo.com:25 HTTP/1.0" 405 235
114.36.213.133 - - [20/Jul/2016:01:10:53 +0800] "CONNECT smtp.mail.yahoo.com:25 HTTP/1.0" 405 235
23.251.63.45 - - [20/Jul/2016:01:40:35 +0800] "GET http://www.proxy-listen.de/azenv.php HTTP/1.1" 404 207
107.151.226.203 - - [20/Jul/2016:01:56:57 +0800] "GET http://www.sbjudge3.com/azenv.php HTTP/1.0" 404 207
107.151.226.203 - - [20/Jul/2016:01:56:58 +0800] "CONNECT www.baidu.com:443 HTTP/1.0" 405 235
114.36.213.133 - - [20/Jul/2016:02:12:32 +0800] "CONNECT smtp.mail.yahoo.com:25 HTTP/1.0" 405 235
23.251.63.45 - - [20/Jul/2016:02:39:55 +0800] "GET http://fr.cyberpods.net/ HTTP/1.1" 200 3805
23.251.63.45 - - [20/Jul/2016:02:39:56 +0800] "CONNECT www.alipay.com:443 HTTP/1.1" 405 235
23.251.63.45 - - [20/Jul/2016:02:39:56 +0800] "\x80\x98\x01\x03\x01" 400 226
114.36.213.133 - - [20/Jul/2016:02:57:47 +0800] "CONNECT smtp.mail.yahoo.com:25 HTTP/1.0" 405 235
114.36.213.133 - - [20/Jul/2016:02:58:39 +0800] "CONNECT smtp.mail.yahoo.com:25 HTTP/1.0" 405 235
185.137.219.199 - - [20/Jul/2016:03:01:36 +0800] "GET / HTTP/1.1" 200 3805
123.151.42.61 - - [20/Jul/2016:03:13:30 +0800] "GET http://www.baidu.com/ HTTP/1.1" 200 3805
114.36.213.133 - - [20/Jul/2016:03:14:29 +0800] "CONNECT smtp.mail.yahoo.com:25 HTTP/1.0" 405 235
107.151.226.203 - - [20/Jul/2016:03:16:29 +0800] "GET http://www.sbjudge2.com/azenv.php HTTP/1.0" 404 207
107.151.226.203 - - [20/Jul/2016:03:16:30 +0800] "CONNECT www.baidu.com:443 HTTP/1.0" 405 235
114.36.213.133 - - [20/Jul/2016:03:28:53 +0800] "CONNECT smtp.mail.yahoo.com:25 HTTP/1.0" 405 235
114.36.213.133 - - [20/Jul/2016:03:29:16 +0800] "CONNECT smtp.mail.yahoo.com:25 HTTP/1.0" 405 235
114.36.213.133 - - [20/Jul/2016:03:29:57 +0800] "CONNECT smtp.mail.yahoo.com:25 HTTP/1.0" 405 235
23.251.63.45 - - [20/Jul/2016:03:42:50 +0800] "GET http://www.sbjudge1.com/azenv.php HTTP/1.1" 404 207
23.251.63.45 - - [20/Jul/2016:03:42:51 +0800] "CONNECT www.baidu.com:443 HTTP/1.1" 405 235
23.251.63.45 - - [20/Jul/2016:03:42:51 +0800] "\x80\x98\x01\x03\x01" 400 226
107.151.226.203 - - [20/Jul/2016:03:45:31 +0800] "GET http://www.luisaranguren.com/azenv.php HTTP/1.0" 404 207
107.151.226.203 - - [20/Jul/2016:03:45:32 +0800] "CONNECT www.alipay.com:443 HTTP/1.0" 405 235
114.36.213.133 - - [20/Jul/2016:04:03:36 +0800] "CONNECT smtp.mail.yahoo.com:25 HTTP/1.0" 405 235
23.251.63.45 - - [20/Jul/2016:04:31:32 +0800] "GET http://www.luisaranguren.com/azenv.php HTTP/1.1" 404 207
23.251.63.45 - - [20/Jul/2016:04:31:33 +0800] "CONNECT www.alipay.com:443 HTTP/1.1" 405 235
23.251.63.45 - - [20/Jul/2016:04:31:33 +0800] "\x80\x98\x01\x03\x01" 400 226
114.36.213.133 - - [20/Jul/2016:04:34:48 +0800] "CONNECT smtp.mail.yahoo.com:25 HTTP/1.0" 405 235
114.36.213.133 - - [20/Jul/2016:04:51:57 +0800] "CONNECT smtp.mail.yahoo.com:25 HTTP/1.0" 405 235
114.36.213.133 - - [20/Jul/2016:04:52:55 +0800] "CONNECT smtp.mail.yahoo.com:25 HTTP/1.0" 405 235
114.36.213.133 - - [20/Jul/2016:04:53:22 +0800] "CONNECT smtp.mail.yahoo.com:25 HTTP/1.0" 405 235
114.36.213.133 - - [20/Jul/2016:05:27:45 +0800] "CONNECT smtp.mail.yahoo.com:25 HTTP/1.0" 405 235
121.42.0.61 - - [20/Jul/2016:05:43:39 +0800] "GET / HTTP/1.1" 200 3805
121.42.0.61 - - [20/Jul/2016:05:43:39 +0800] "GET /js/modernizr.custom.js HTTP/1.1" 200 7671
121.42.0.61 - - [20/Jul/2016:05:43:39 +0800] "GET /css/component.css HTTP/1.1" 200 3589
121.42.0.61 - - [20/Jul/2016:05:43:39 +0800] "GET /css/default.css HTTP/1.1" 200 3700
121.42.0.71 - - [20/Jul/2016:05:43:39 +0800] "GET / HTTP/1.1" 200 3805
121.42.0.71 - - [20/Jul/2016:05:43:39 +0800] "GET /css/default.css HTTP/1.1" 200 3700
121.42.0.71 - - [20/Jul/2016:05:43:39 +0800] "GET /css/component.css HTTP/1.1" 200 3589
121.42.0.71 - - [20/Jul/2016:05:43:39 +0800] "GET /js/modernizr.custom.js HTTP/1.1" 200 7671
121.42.0.61 - - [20/Jul/2016:05:43:39 +0800] "GET /fonts/timelineicons/ecoico.woff HTTP/1.1" 200 1780
121.42.0.71 - - [20/Jul/2016:05:43:39 +0800] "GET /fonts/timelineicons/ecoico.woff HTTP/1.1" 200 1780
121.42.0.61 - - [20/Jul/2016:05:43:39 +0800] "GET /background.jpg HTTP/1.1" 200 3979507
121.42.0.71 - - [20/Jul/2016:05:43:39 +0800] "GET /background.jpg HTTP/1.1" 200 3979507
114.36.213.133 - - [20/Jul/2016:05:45:37 +0800] "CONNECT smtp.mail.yahoo.com:25 HTTP/1.0" 405 235
23.251.63.45 - - [20/Jul/2016:06:06:08 +0800] "GET http://www.sbjudge1.com/azenv.php HTTP/1.1" 404 207
23.251.63.45 - - [20/Jul/2016:06:06:09 +0800] "CONNECT www.baidu.com:443 HTTP/1.1" 405 235
23.251.63.45 - - [20/Jul/2016:06:06:09 +0800] "\x80\x98\x01\x03\x01" 400 226
114.36.213.133 - - [20/Jul/2016:06:21:31 +0800] "CONNECT smtp.mail.yahoo.com:25 HTTP/1.0" 405 235
114.36.213.133 - - [20/Jul/2016:06:21:52 +0800] "CONNECT smtp.mail.yahoo.com:25 HTTP/1.0" 405 235
114.36.213.133 - - [20/Jul/2016:06:22:39 +0800] "CONNECT smtp.mail.yahoo.com:25 HTTP/1.0" 405 235
42.156.251.188 - - [20/Jul/2016:06:29:10 +0800] "GET / HTTP/1.0" 200 3805
107.151.226.203 - - [20/Jul/2016:06:29:32 +0800] "GET http://fr.cyberpods.net/ HTTP/1.0" 200 3805
107.151.226.203 - - [20/Jul/2016:06:29:32 +0800] "CONNECT www.alipay.com:443 HTTP/1.0" 405 235
23.251.63.45 - - [20/Jul/2016:07:01:28 +0800] "GET http://www.proxyjudge.info/azenv.php HTTP/1.1" 404 207
23.251.63.45 - - [20/Jul/2016:07:01:29 +0800] "CONNECT www.baidu.com:443 HTTP/1.1" 405 235
23.251.63.45 - - [20/Jul/2016:07:01:29 +0800] "\x80\x98\x01\x03\x01" 400 226
107.151.226.203 - - [20/Jul/2016:07:54:32 +0800] "GET http://www.luisaranguren.com/azenv.php HTTP/1.0" 404 207
107.151.226.203 - - [20/Jul/2016:07:54:32 +0800] "CONNECT www.alipay.com:443 HTTP/1.0" 405 235
23.251.63.45 - - [20/Jul/2016:08:06:15 +0800] "GET http://domkrim.com/av.php HTTP/1.1" 404 204
23.251.63.45 - - [20/Jul/2016:08:06:15 +0800] "CONNECT www.baidu.com:443 HTTP/1.1" 405 235
23.251.63.45 - - [20/Jul/2016:08:06:15 +0800] "\x80\x98\x01\x03\x01" 400 226
220.165.247.140 - - [20/Jul/2016:08:15:38 +0800] "GET /favicon.ico HTTP/1.1" 404 209
220.165.247.140 - - [20/Jul/2016:08:15:38 +0800] "GET /favicon.ico HTTP/1.1" 404 209
42.156.251.187 - - [20/Jul/2016:08:31:57 +0800] "GET /netphoto/login.php HTTP/1.0" 200 2271
220.165.247.140 - - [20/Jul/2016:08:34:43 +0800] "GET /favicon.ico HTTP/1.1" 404 209
220.165.247.140 - - [20/Jul/2016:08:34:43 +0800] "GET /favicon.ico HTTP/1.1" 404 209
107.151.226.203 - - [20/Jul/2016:08:42:34 +0800] "GET http://fr.cyberpods.net/ HTTP/1.0" 200 3805
107.151.226.203 - - [20/Jul/2016:08:42:35 +0800] "CONNECT www.baidu.com:443 HTTP/1.0" 405 235
220.165.247.140 - - [20/Jul/2016:08:44:02 +0800] "GET /favicon.ico HTTP/1.1" 404 209
220.165.247.140 - - [20/Jul/2016:08:44:03 +0800] "GET /favicon.ico HTTP/1.1" 404 209
220.165.247.140 - - [20/Jul/2016:08:49:28 +0800] "GET /favicon.ico HTTP/1.1" 404 209
220.165.247.140 - - [20/Jul/2016:08:49:28 +0800] "GET /favicon.ico HTTP/1.1" 404 209
220.165.247.140 - - [20/Jul/2016:08:54:14 +0800] "GET /favicon.ico HTTP/1.1" 404 209
220.165.247.140 - - [20/Jul/2016:08:54:17 +0800] "GET /favicon.ico HTTP/1.1" 404 209
23.251.63.45 - - [20/Jul/2016:09:36:39 +0800] "GET http://fr.cyberpods.net/ HTTP/1.1" 200 3805
23.251.63.45 - - [20/Jul/2016:09:36:40 +0800] "CONNECT www.alipay.com:443 HTTP/1.1" 405 235
23.251.63.45 - - [20/Jul/2016:09:36:40 +0800] "\x80\x98\x01\x03\x01" 400 226
220.165.247.140 - - [20/Jul/2016:09:51:50 +0800] "GET /favicon.ico HTTP/1.1" 404 209
220.165.247.140 - - [20/Jul/2016:09:51:51 +0800] "GET /favicon.ico HTTP/1.1" 404 209
23.251.63.45 - - [20/Jul/2016:10:05:37 +0800] "GET http://domkrim.com/av.php HTTP/1.1" 404 204
23.251.63.45 - - [20/Jul/2016:10:05:38 +0800] "CONNECT www.baidu.com:443 HTTP/1.1" 405 235
23.251.63.45 - - [20/Jul/2016:10:05:38 +0800] "\x80\x98\x01\x03\x01" 400 226
220.165.247.140 - - [20/Jul/2016:10:27:02 +0800] "GET /favicon.ico HTTP/1.1" 404 209
220.165.247.140 - - [20/Jul/2016:10:27:04 +0800] "GET /favicon.ico HTTP/1.1" 404 209
23.251.63.45 - - [20/Jul/2016:10:41:41 +0800] "GET http://www.proxy-listen.de/azenv.php HTTP/1.1" 404 207
220.165.247.140 - - [20/Jul/2016:10:46:08 +0800] "GET /favicon.ico HTTP/1.1" 404 209
220.165.247.140 - - [20/Jul/2016:10:46:08 +0800] "GET /favicon.ico HTTP/1.1" 404 209
114.36.213.133 - - [20/Jul/2016:11:17:33 +0800] "CONNECT smtp.mail.yahoo.com:25 HTTP/1.0" 405 235
23.251.63.45 - - [20/Jul/2016:11:30:16 +0800] "GET http://www.sbjudge2.com/azenv.php HTTP/1.1" 404 207
23.251.63.45 - - [20/Jul/2016:11:30:18 +0800] "CONNECT www.baidu.com:443 HTTP/1.1" 405 235
23.251.63.45 - - [20/Jul/2016:11:30:18 +0800] "\x80\x98\x01\x03\x01" 400 226
114.36.213.133 - - [20/Jul/2016:11:32:49 +0800] "CONNECT smtp.mail.yahoo.com:25 HTTP/1.0" 405 235
114.36.213.133 - - [20/Jul/2016:11:45:36 +0800] "CONNECT smtp.mail.yahoo.com:25 HTTP/1.0" 405 235
114.36.213.133 - - [20/Jul/2016:11:47:27 +0800] "CONNECT smtp.mail.yahoo.com:25 HTTP/1.0" 405 235
220.165.247.140 - - [20/Jul/2016:11:51:05 +0800] "GET /favicon.ico HTTP/1.1" 404 209
220.165.247.140 - - [20/Jul/2016:11:51:08 +0800] "GET /favicon.ico HTTP/1.1" 404 209
114.36.213.133 - - [20/Jul/2016:11:59:28 +0800] "CONNECT smtp.mail.yahoo.com:25 HTTP/1.0" 405 235
114.36.213.133 - - [20/Jul/2016:12:16:40 +0800] "CONNECT smtp.mail.yahoo.com:25 HTTP/1.0" 405 235
107.151.226.203 - - [20/Jul/2016:12:20:43 +0800] "GET http://domkrim.com/av.php HTTP/1.0" 404 204
107.151.226.203 - - [20/Jul/2016:12:20:44 +0800] "CONNECT www.baidu.com:443 HTTP/1.0" 405 235
114.36.213.133 - - [20/Jul/2016:12:23:49 +0800] "CONNECT smtp.mail.yahoo.com:25 HTTP/1.0" 405 235
114.36.213.133 - - [20/Jul/2016:12:31:40 +0800] "CONNECT smtp.mail.yahoo.com:25 HTTP/1.0" 405 235
114.36.213.133 - - [20/Jul/2016:12:43:34 +0800] "CONNECT smtp.mail.yahoo.com:25 HTTP/1.0" 405 235
23.251.63.45 - - [20/Jul/2016:12:53:27 +0800] "GET http://www.sbjudge3.com/azenv.php HTTP/1.1" 404 207
23.251.63.45 - - [20/Jul/2016:12:53:28 +0800] "CONNECT www.baidu.com:443 HTTP/1.1" 405 235
23.251.63.45 - - [20/Jul/2016:12:53:28 +0800] "\x80\x98\x01\x03\x01" 400 226
220.165.247.140 - - [20/Jul/2016:13:03:55 +0800] "GET /favicon.ico HTTP/1.1" 404 209
220.165.247.140 - - [20/Jul/2016:13:03:58 +0800] "GET /favicon.ico HTTP/1.1" 404 209
114.36.213.133 - - [20/Jul/2016:13:13:00 +0800] "CONNECT smtp.mail.yahoo.com:25 HTTP/1.0" 405 235
114.36.213.133 - - [20/Jul/2016:13:42:22 +0800] "CONNECT smtp.mail.yahoo.com:25 HTTP/1.0" 405 235
107.151.226.203 - - [20/Jul/2016:13:42:42 +0800] "GET http://domkrim.com/av.php HTTP/1.0" 404 204
107.151.226.203 - - [20/Jul/2016:13:42:43 +0800] "CONNECT www.baidu.com:443 HTTP/1.0" 405 235
101.200.126.60 - - [20/Jul/2016:13:51:45 +0800] "GET http://www.izhongsai.com/ HTTP/1.1" 200 3805
114.36.213.133 - - [20/Jul/2016:13:57:35 +0800] "CONNECT smtp.mail.yahoo.com:25 HTTP/1.0" 405 235
23.251.63.45 - - [20/Jul/2016:14:34:29 +0800] "GET http://domkrim.com/av.php HTTP/1.1" 404 204
23.251.63.45 - - [20/Jul/2016:14:34:29 +0800] "CONNECT www.baidu.com:443 HTTP/1.1" 405 235
23.251.63.45 - - [20/Jul/2016:14:34:30 +0800] "\x80\x98\x01\x03\x01" 400 226
114.36.213.133 - - [20/Jul/2016:14:42:23 +0800] "CONNECT smtp.mail.yahoo.com:25 HTTP/1.0" 405 235
220.165.247.140 - - [20/Jul/2016:14:55:24 +0800] "GET /favicon.ico HTTP/1.1" 404 209
220.165.247.140 - - [20/Jul/2016:14:55:25 +0800] "GET /favicon.ico HTTP/1.1" 404 209
114.36.213.133 - - [20/Jul/2016:14:57:52 +0800] "CONNECT smtp.mail.yahoo.com:25 HTTP/1.0" 405 235
107.151.226.203 - - [20/Jul/2016:15:01:22 +0800] "GET http://domkrim.com/av.php HTTP/1.0" 404 204
107.151.226.203 - - [20/Jul/2016:15:01:22 +0800] "CONNECT www.baidu.com:443 HTTP/1.0" 405 235
114.36.213.133 - - [20/Jul/2016:15:14:33 +0800] "CONNECT smtp.mail.yahoo.com:25 HTTP/1.0" 405 235
107.151.226.203 - - [20/Jul/2016:15:25:18 +0800] "GET http://www.sbjudge1.com/azenv.php HTTP/1.0" 404 207
107.151.226.203 - - [20/Jul/2016:15:25:18 +0800] "CONNECT www.baidu.com:443 HTTP/1.0" 405 235
114.36.213.133 - - [20/Jul/2016:15:28:46 +0800] "CONNECT smtp.mail.yahoo.com:25 HTTP/1.0" 405 235
66.240.213.93 - - [20/Jul/2016:15:30:28 +0800] "GET / HTTP/1.0" 200 3805
23.251.63.45 - - [20/Jul/2016:15:35:05 +0800] "GET http://www.sbjudge1.com/azenv.php HTTP/1.1" 404 207
23.251.63.45 - - [20/Jul/2016:15:35:05 +0800] "CONNECT www.baidu.com:443 HTTP/1.1" 405 235
23.251.63.45 - - [20/Jul/2016:15:35:05 +0800] "\x80\x98\x01\x03\x01" 400 226
23.251.63.45 - - [20/Jul/2016:15:35:17 +0800] "GET http://fr.cyberpods.net/ HTTP/1.1" 200 3805
23.251.63.45 - - [20/Jul/2016:15:35:18 +0800] "CONNECT www.baidu.com:443 HTTP/1.1" 405 235
23.251.63.45 - - [20/Jul/2016:15:35:18 +0800] "\x80\x98\x01\x03\x01" 400 226
123.151.42.61 - - [20/Jul/2016:15:40:36 +0800] "GET http://www.baidu.com/ HTTP/1.1" 200 3805
114.36.213.133 - - [20/Jul/2016:15:46:39 +0800] "CONNECT smtp.mail.yahoo.com:25 HTTP/1.0" 405 235
220.165.247.140 - - [20/Jul/2016:15:49:49 +0800] "GET /favicon.ico HTTP/1.1" 404 209
220.165.247.140 - - [20/Jul/2016:15:49:50 +0800] "GET /favicon.ico HTTP/1.1" 404 209
114.36.213.133 - - [20/Jul/2016:15:59:43 +0800] "CONNECT smtp.mail.yahoo.com:25 HTTP/1.0" 405 235
114.36.213.133 - - [20/Jul/2016:16:00:19 +0800] "CONNECT smtp.mail.yahoo.com:25 HTTP/1.0" 405 235
93.174.93.136 - - [20/Jul/2016:16:06:40 +0800] "GET http://www.baidu.com/cache/global/img/gs.gif HTTP/1.1" 404 221
220.165.247.140 - - [20/Jul/2016:16:13:39 +0800] "GET /favicon.ico HTTP/1.1" 404 209
220.165.247.140 - - [20/Jul/2016:16:13:40 +0800] "GET /favicon.ico HTTP/1.1" 404 209
114.36.213.133 - - [20/Jul/2016:16:16:38 +0800] "CONNECT smtp.mail.yahoo.com:25 HTTP/1.0" 405 235
107.151.226.203 - - [20/Jul/2016:16:17:47 +0800] "GET http://www.proxy-listen.de/azenv.php HTTP/1.0" 404 207
107.151.226.203 - - [20/Jul/2016:16:17:47 +0800] "CONNECT www.alipay.com:443 HTTP/1.0" 405 235
114.36.213.133 - - [20/Jul/2016:16:31:29 +0800] "CONNECT smtp.mail.yahoo.com:25 HTTP/1.0" 405 235
23.251.63.45 - - [20/Jul/2016:16:38:07 +0800] "GET http://www.sbjudge1.com/azenv.php HTTP/1.1" 404 207
23.251.63.45 - - [20/Jul/2016:16:38:07 +0800] "CONNECT www.alipay.com:443 HTTP/1.1" 405 235
23.251.63.45 - - [20/Jul/2016:16:38:08 +0800] "\x80\x98\x01\x03\x01" 400 226
114.36.213.133 - - [20/Jul/2016:16:46:58 +0800] "CONNECT smtp.mail.yahoo.com:25 HTTP/1.0" 405 235
114.36.213.133 - - [20/Jul/2016:16:47:55 +0800] "CONNECT smtp.mail.yahoo.com:25 HTTP/1.0" 405 235
114.36.213.133 - - [20/Jul/2016:17:20:33 +0800] "CONNECT smtp.mail.yahoo.com:25 HTTP/1.0" 405 235
114.36.213.133 - - [20/Jul/2016:17:37:53 +0800] "CONNECT smtp.mail.yahoo.com:25 HTTP/1.0" 405 235
107.151.226.203 - - [20/Jul/2016:17:39:05 +0800] "GET http://proxyjudge.us/ HTTP/1.0" 200 3805
107.151.226.203 - - [20/Jul/2016:17:39:05 +0800] "CONNECT www.baidu.com:443 HTTP/1.0" 405 235
114.36.213.133 - - [20/Jul/2016:17:52:49 +0800] "CONNECT smtp.mail.yahoo.com:25 HTTP/1.0" 405 235
114.36.213.133 - - [20/Jul/2016:18:08:59 +0800] "CONNECT smtp.mail.yahoo.com:25 HTTP/1.0" 405 235
114.36.213.133 - - [20/Jul/2016:18:09:18 +0800] "CONNECT smtp.mail.yahoo.com:25 HTTP/1.0" 405 235
23.251.63.45 - - [20/Jul/2016:18:24:00 +0800] "GET http://www.proxyjudge.info/azenv.php HTTP/1.1" 404 207
23.251.63.45 - - [20/Jul/2016:18:24:01 +0800] "CONNECT www.baidu.com:443 HTTP/1.1" 405 235
23.251.63.45 - - [20/Jul/2016:18:24:02 +0800] "\x80\x98\x01\x03\x01" 400 226
114.36.213.133 - - [20/Jul/2016:18:26:05 +0800] "CONNECT smtp.mail.yahoo.com:25 HTTP/1.0" 405 235
114.36.213.133 - - [20/Jul/2016:18:45:29 +0800] "CONNECT smtp.mail.yahoo.com:25 HTTP/1.0" 405 235
114.36.213.133 - - [20/Jul/2016:19:02:12 +0800] "CONNECT smtp.mail.yahoo.com:25 HTTP/1.0" 405 235
114.36.213.133 - - [20/Jul/2016:19:02:42 +0800] "CONNECT smtp.mail.yahoo.com:25 HTTP/1.0" 405 235
220.132.81.117 - - [20/Jul/2016:19:52:51 +0800] "CONNECT smtp.mail.yahoo.com:25 HTTP/1.0" 405 235
220.132.81.117 - - [20/Jul/2016:19:53:35 +0800] "CONNECT smtp.mail.yahoo.com:25 HTTP/1.0" 405 235
107.151.226.203 - - [20/Jul/2016:20:01:53 +0800] "GET http://www.luisaranguren.com/azenv.php HTTP/1.0" 404 207
107.151.226.203 - - [20/Jul/2016:20:01:53 +0800] "CONNECT www.baidu.com:443 HTTP/1.0" 405 235
23.251.63.45 - - [20/Jul/2016:20:04:53 +0800] "GET http://www.proxyjudge.info/azenv.php HTTP/1.1" 404 207
23.251.63.45 - - [20/Jul/2016:20:04:53 +0800] "CONNECT www.baidu.com:443 HTTP/1.1" 405 235
23.251.63.45 - - [20/Jul/2016:20:04:54 +0800] "\x80\x98\x01\x03\x01" 400 226
220.132.81.117 - - [20/Jul/2016:20:06:21 +0800] "CONNECT smtp.mail.yahoo.com:25 HTTP/1.0" 405 235
112.74.206.117 - - [20/Jul/2016:20:06:29 +0800] "GET / HTTP/1.1" 200 3805
220.132.81.117 - - [20/Jul/2016:20:07:33 +0800] "CONNECT smtp.mail.yahoo.com:25 HTTP/1.0" 405 235
220.132.81.117 - - [20/Jul/2016:20:19:39 +0800] "CONNECT smtp.mail.yahoo.com:25 HTTP/1.0" 405 235
220.132.81.117 - - [20/Jul/2016:20:20:16 +0800] "CONNECT smtp.mail.yahoo.com:25 HTTP/1.0" 405 235
220.132.81.117 - - [20/Jul/2016:20:21:11 +0800] "CONNECT smtp.mail.yahoo.com:25 HTTP/1.0" 405 235
220.132.81.117 - - [20/Jul/2016:20:32:56 +0800] "CONNECT smtp.mail.yahoo.com:25 HTTP/1.0" 405 235
220.132.81.117 - - [20/Jul/2016:20:33:44 +0800] "CONNECT smtp.mail.yahoo.com:25 HTTP/1.0" 405 235
220.132.81.117 - - [20/Jul/2016:20:36:13 +0800] "CONNECT smtp.mail.yahoo.com:25 HTTP/1.0" 405 235
123.126.111.235 - - [20/Jul/2016:20:45:21 +0800] "GET / HTTP/1.1" 200 3805
220.132.81.117 - - [20/Jul/2016:20:45:56 +0800] "CONNECT smtp.mail.yahoo.com:25 HTTP/1.0" 405 235
220.132.81.117 - - [20/Jul/2016:20:46:15 +0800] "CONNECT smtp.mail.yahoo.com:25 HTTP/1.0" 405 235
107.151.226.203 - - [20/Jul/2016:20:54:28 +0800] "GET http://proxyjudge.us/ HTTP/1.0" 200 3805
107.151.226.203 - - [20/Jul/2016:20:54:29 +0800] "CONNECT www.baidu.com:443 HTTP/1.0" 405 235
23.251.63.45 - - [20/Jul/2016:20:55:54 +0800] "GET http://www.sbjudge2.com/azenv.php HTTP/1.1" 404 207
23.251.63.45 - - [20/Jul/2016:20:55:55 +0800] "CONNECT www.alipay.com:443 HTTP/1.1" 405 235
23.251.63.45 - - [20/Jul/2016:20:55:56 +0800] "\x80\x98\x01\x03\x01" 400 226
107.151.226.203 - - [20/Jul/2016:21:39:59 +0800] "GET http://www.sbjudge3.com/azenv.php HTTP/1.0" 404 207
107.151.226.203 - - [20/Jul/2016:21:39:59 +0800] "CONNECT www.baidu.com:443 HTTP/1.0" 405 235
23.251.63.45 - - [20/Jul/2016:21:44:00 +0800] "GET http://www.proxyjudge.info/azenv.php HTTP/1.1" 404 207
23.251.63.45 - - [20/Jul/2016:21:44:00 +0800] "CONNECT www.alipay.com:443 HTTP/1.1" 405 235
23.251.63.45 - - [20/Jul/2016:21:44:01 +0800] "\x80\x98\x01\x03\x01" 400 226
107.151.226.203 - - [20/Jul/2016:22:04:19 +0800] "GET http://www.proxyjudge.info/azenv.php HTTP/1.0" 404 207
107.151.226.203 - - [20/Jul/2016:22:04:19 +0800] "CONNECT www.alipay.com:443 HTTP/1.0" 405 235
23.251.63.45 - - [20/Jul/2016:22:32:45 +0800] "GET http://www.sbjudge3.com/azenv.php HTTP/1.1" 404 207
23.251.63.45 - - [20/Jul/2016:22:32:45 +0800] "CONNECT www.baidu.com:443 HTTP/1.1" 405 235
23.251.63.45 - - [20/Jul/2016:22:32:46 +0800] "\x80\x98\x01\x03\x01" 400 226
23.251.63.45 - - [20/Jul/2016:22:56:50 +0800] "GET http://www.sbjudge3.com/azenv.php HTTP/1.1" 404 207
23.251.63.45 - - [20/Jul/2016:22:56:54 +0800] "CONNECT www.baidu.com:443 HTTP/1.1" 405 235
23.251.63.45 - - [20/Jul/2016:22:56:55 +0800] "\x80\x98\x01\x03\x01" 400 226
23.251.63.45 - - [20/Jul/2016:23:14:51 +0800] "GET http://www.sbjudge1.com/azenv.php HTTP/1.1" 404 207
23.251.63.45 - - [20/Jul/2016:23:14:51 +0800] "CONNECT www.baidu.com:443 HTTP/1.1" 405 235
23.251.63.45 - - [20/Jul/2016:23:14:52 +0800] "\x80\x98\x01\x03\x01" 400 226
122.155.168.168 - - [20/Jul/2016:23:34:36 +0800] "GET / HTTP/1.1" 200 3805
23.251.63.45 - - [20/Jul/2016:23:43:07 +0800] "GET http://domkrim.com/av.php HTTP/1.1" 404 204
23.251.63.45 - - [20/Jul/2016:23:43:10 +0800] "CONNECT www.baidu.com:443 HTTP/1.1" 405 235
23.251.63.45 - - [20/Jul/2016:23:43:11 +0800] "\x80\x98\x01\x03\x01" 400 226
107.151.226.203 - - [21/Jul/2016:00:06:28 +0800] "GET http://www.luisaranguren.com/azenv.php HTTP/1.0" 404 207
107.151.226.203 - - [21/Jul/2016:00:06:28 +0800] "CONNECT www.alipay.com:443 HTTP/1.0" 405 235
23.251.63.45 - - [21/Jul/2016:00:17:54 +0800] "GET http://domkrim.com/av.php HTTP/1.1" 404 204
23.251.63.45 - - [21/Jul/2016:00:17:55 +0800] "CONNECT www.baidu.com:443 HTTP/1.1" 405 235
23.251.63.45 - - [21/Jul/2016:00:17:55 +0800] "\x80\x98\x01\x03\x01" 400 226
123.151.42.61 - - [21/Jul/2016:01:18:16 +0800] "GET http://www.baidu.com/ HTTP/1.1" 200 3805
149.202.98.253 - - [21/Jul/2016:01:43:08 +0800] "PROPFIND /webdav/ HTTP/1.1" 405 233
23.251.63.45 - - [21/Jul/2016:01:44:50 +0800] "GET http://www.luisaranguren.com/azenv.php HTTP/1.1" 404 207
23.251.63.45 - - [21/Jul/2016:01:44:50 +0800] "CONNECT www.alipay.com:443 HTTP/1.1" 405 235
23.251.63.45 - - [21/Jul/2016:01:44:51 +0800] "\x80\x98\x01\x03\x01" 400 226
172.82.166.210 - - [21/Jul/2016:02:15:02 +0800] "GET http://www.baidu.com/cache/global/img/gs.gif HTTP/1.1" 404 221
45.32.253.196 - - [21/Jul/2016:02:39:47 +0800] "GET / HTTP/1.1" 200 3805
23.251.63.45 - - [21/Jul/2016:02:45:34 +0800] "GET http://www.luisaranguren.com/azenv.php HTTP/1.1" 404 207
23.251.63.45 - - [21/Jul/2016:02:45:34 +0800] "CONNECT www.baidu.com:443 HTTP/1.1" 405 235
23.251.63.45 - - [21/Jul/2016:02:45:35 +0800] "\x80\x98\x01\x03\x01" 400 226
23.251.63.45 - - [21/Jul/2016:03:07:00 +0800] "GET http://www.sbjudge2.com/azenv.php HTTP/1.1" 404 207
23.251.63.45 - - [21/Jul/2016:03:07:01 +0800] "CONNECT www.baidu.com:443 HTTP/1.1" 405 235
23.251.63.45 - - [21/Jul/2016:03:07:01 +0800] "\x80\x98\x01\x03\x01" 400 226
107.151.226.203 - - [21/Jul/2016:03:33:37 +0800] "GET http://www.sbjudge1.com/azenv.php HTTP/1.0" 404 207
107.151.226.203 - - [21/Jul/2016:03:33:37 +0800] "CONNECT www.baidu.com:443 HTTP/1.0" 405 235
42.159.226.217 - - [21/Jul/2016:03:49:31 +0800] "GET http://maxcd03-dev01.chinacloudapp.cn/index.php HTTP/1.0" 404 207
202.199.184.44 - - [21/Jul/2016:03:51:24 +0800] "GET /web-console/ServerInfo.jsp HTTP/1.1" 404 960
202.199.184.44 - - [21/Jul/2016:03:51:27 +0800] "GET /jmx-console/HtmlAdaptor?action=inspectMBean&name=jboss.system:type=ServerInfo HTTP/1.1" 404 221
202.199.184.44 - - [21/Jul/2016:03:51:30 +0800] "GET /invoker/JMXInvokerServlet HTTP/1.1" 404 223
202.199.184.44 - - [21/Jul/2016:03:52:44 +0800] "GET /web-console/ServerInfo.jsp HTTP/1.1" 404 960
202.199.184.44 - - [21/Jul/2016:03:52:47 +0800] "GET /jmx-console/HtmlAdaptor?action=inspectMBean&name=jboss.system:type=ServerInfo HTTP/1.1" 404 221
202.199.184.44 - - [21/Jul/2016:03:52:48 +0800] "GET /invoker/JMXInvokerServlet HTTP/1.1" 404 223
107.151.226.203 - - [21/Jul/2016:03:56:16 +0800] "GET http://www.sbjudge2.com/azenv.php HTTP/1.0" 404 207
107.151.226.203 - - [21/Jul/2016:03:56:16 +0800] "CONNECT www.baidu.com:443 HTTP/1.0" 405 235
182.118.22.211 - - [21/Jul/2016:04:22:31 +0800] "GET /robots.txt HTTP/1.1" 404 208
23.251.63.45 - - [21/Jul/2016:04:59:17 +0800] "GET http://www.sbjudge2.com/azenv.php HTTP/1.1" 404 207
23.251.63.45 - - [21/Jul/2016:04:59:18 +0800] "CONNECT www.baidu.com:443 HTTP/1.1" 405 235
23.251.63.45 - - [21/Jul/2016:04:59:18 +0800] "\x80\x98\x01\x03\x01" 400 226
222.186.130.155 - - [21/Jul/2016:05:17:02 +0800] "GET / HTTP/1.1" 200 3805
23.251.63.45 - - [21/Jul/2016:05:19:10 +0800] "GET http://fr.cyberpods.net/ HTTP/1.1" 200 3805
23.251.63.45 - - [21/Jul/2016:05:19:12 +0800] "CONNECT www.alipay.com:443 HTTP/1.1" 405 235
23.251.63.45 - - [21/Jul/2016:05:19:12 +0800] "\x80\x98\x01\x03\x01" 400 226
107.151.226.203 - - [21/Jul/2016:05:52:41 +0800] "GET http://www.sbjudge1.com/azenv.php HTTP/1.0" 404 207
107.151.226.203 - - [21/Jul/2016:05:52:42 +0800] "CONNECT www.baidu.com:443 HTTP/1.0" 405 235
23.251.63.45 - - [21/Jul/2016:05:55:56 +0800] "GET http://www.sbjudge2.com/azenv.php HTTP/1.1" 404 207
23.251.63.45 - - [21/Jul/2016:05:55:56 +0800] "CONNECT www.baidu.com:443 HTTP/1.1" 405 235
23.251.63.45 - - [21/Jul/2016:05:55:56 +0800] "\x80\x98\x01\x03\x01" 400 226
42.156.251.187 - - [21/Jul/2016:06:27:31 +0800] "GET / HTTP/1.0" 200 3805
23.251.63.45 - - [21/Jul/2016:07:30:43 +0800] "GET http://proxyjudge.us/ HTTP/1.1" 200 3805
23.251.63.45 - - [21/Jul/2016:07:30:43 +0800] "CONNECT www.alipay.com:443 HTTP/1.1" 405 235
23.251.63.45 - - [21/Jul/2016:07:30:43 +0800] "\x80\x98\x01\x03\x01" 400 226
23.251.63.45 - - [21/Jul/2016:08:24:19 +0800] "GET http://www.sbjudge1.com/azenv.php HTTP/1.1" 404 207
23.251.63.45 - - [21/Jul/2016:08:24:19 +0800] "CONNECT www.baidu.com:443 HTTP/1.1" 405 235
23.251.63.45 - - [21/Jul/2016:08:24:19 +0800] "\x80\x98\x01\x03\x01" 400 226
220.165.247.140 - - [21/Jul/2016:08:51:46 +0800] "GET /favicon.ico HTTP/1.1" 404 209
220.165.247.140 - - [21/Jul/2016:08:51:47 +0800] "GET /favicon.ico HTTP/1.1" 404 209
220.165.247.140 - - [21/Jul/2016:09:09:29 +0800] "GET /favicon.ico HTTP/1.1" 404 209
220.165.247.140 - - [21/Jul/2016:09:09:29 +0800] "GET /favicon.ico HTTP/1.1" 404 209
220.165.247.140 - - [21/Jul/2016:09:14:17 +0800] "GET /favicon.ico HTTP/1.1" 404 209
220.165.247.140 - - [21/Jul/2016:09:14:17 +0800] "GET /favicon.ico HTTP/1.1" 404 209
23.251.63.45 - - [21/Jul/2016:09:19:00 +0800] "GET http://www.luisaranguren.com/azenv.php HTTP/1.1" 404 207
23.251.63.45 - - [21/Jul/2016:09:19:01 +0800] "CONNECT www.baidu.com:443 HTTP/1.1" 405 235
23.251.63.45 - - [21/Jul/2016:09:19:01 +0800] "\x80\x98\x01\x03\x01" 400 226
93.174.93.136 - - [21/Jul/2016:09:33:44 +0800] "GET http://www.baidu.com/cache/global/img/gs.gif HTTP/1.1" 404 221
23.251.63.45 - - [21/Jul/2016:09:42:35 +0800] "GET http://www.sbjudge1.com/azenv.php HTTP/1.1" 404 207
23.251.63.45 - - [21/Jul/2016:09:42:35 +0800] "CONNECT www.alipay.com:443 HTTP/1.1" 405 235
23.251.63.45 - - [21/Jul/2016:09:42:36 +0800] "\x80\x98\x01\x03\x01" 400 226
23.251.63.45 - - [21/Jul/2016:10:29:06 +0800] "GET http://www.sbjudge3.com/azenv.php HTTP/1.1" 404 207
23.251.63.45 - - [21/Jul/2016:10:29:07 +0800] "CONNECT www.baidu.com:443 HTTP/1.1" 405 235
23.251.63.45 - - [21/Jul/2016:10:29:07 +0800] "\x80\x98\x01\x03\x01" 400 226
120.26.55.211 - - [21/Jul/2016:10:56:53 +0800] "POST /configurationbak.php HTTP/1.1" 404 218
220.165.247.140 - - [21/Jul/2016:11:42:39 +0800] "GET /favicon.ico HTTP/1.1" 404 209
220.165.247.140 - - [21/Jul/2016:11:42:42 +0800] "GET /favicon.ico HTTP/1.1" 404 209
107.151.226.203 - - [21/Jul/2016:11:52:17 +0800] "GET http://fr.cyberpods.net/ HTTP/1.0" 200 3805
107.151.226.203 - - [21/Jul/2016:11:52:18 +0800] "CONNECT www.baidu.com:443 HTTP/1.0" 405 235
23.251.63.45 - - [21/Jul/2016:11:59:01 +0800] "GET http://www.proxyjudge.info/azenv.php HTTP/1.1" 404 207
23.251.63.45 - - [21/Jul/2016:11:59:02 +0800] "CONNECT www.baidu.com:443 HTTP/1.1" 405 235
23.251.63.45 - - [21/Jul/2016:11:59:02 +0800] "\x80\x98\x01\x03\x01" 400 226
